mkdir build
arm-none-eabi-gcc -c -mcpu=cortex-m7 -mthumb -mfpu=fpv5-d16 -mfloat-abi=hard  -DUSE_HAL_DRIVER -DSTM32H750xx -DHSE_VALUE=16000000  -DCORE_CM7 -DSTM32H750IB -DARM_MATH_CM7 -DUSE_FULL_LL_DRIVER -DBOOT_APP -include stm32h7xx.h -IlibDaisy -IlibDaisy/src/ -IlibDaisy/src/sys -IlibDaisy/src/usbd -IlibDaisy/src/usbh -IlibDaisy/Drivers/CMSIS/Include/ -IlibDaisy/Drivers/CMSIS/DSP/Include -IlibDaisy/Drivers/CMSIS/Device/ST/STM32H7xx/Include -IlibDaisy/Drivers/STM32H7xx_HAL_Driver/Inc/ -IlibDaisy/Middlewares/ST/STM32_USB_Device_Library/Core/Inc -IlibDaisy/Middlewares/ST/STM32_USB_Host_Library/Core/Inc -IlibDaisy/Middlewares/ST/STM32_USB_Host_Library/Class/MSC/Inc -IlibDaisy/core/ -IlibDaisy/Middlewares/Third_Party/FatFs/src -Icompat -Irnbo -Irnbo/common -O2 -Wall  -g -ggdb -MMD -MP -MF"build/startup_stm32h750xx.d" -DRNBO_SIMPLEENGINE -DRNBO_USE_FLOAT32 -DDRNBO_NOJSONPRESETS -fexceptions -Wpedantic -Wextra  -std=gnu11 -Wa,-a,-ad,-alms=build/startup_stm32h750xx.lst libDaisy/core/startup_stm32h750xx.c -o build/startup_stm32h750xx.o
libDaisy/core/startup_stm32h750xx.c:1361:2: warning: ISO C forbids initialization between function pointer and 'void *' [-Wpedantic]
 1361 |  &Reset_Handler,
      |  ^
libDaisy/core/startup_stm32h750xx.c:1361:2: note: (near initialization for 'g_pfnVectors[1]')
libDaisy/core/startup_stm32h750xx.c:1362:2: warning: ISO C forbids initialization between function pointer and 'void *' [-Wpedantic]
 1362 |  &NMI_Handler,
      |  ^
libDaisy/core/startup_stm32h750xx.c:1362:2: note: (near initialization for 'g_pfnVectors[2]')
libDaisy/core/startup_stm32h750xx.c:1363:2: warning: ISO C forbids initialization between function pointer and 'void *' [-Wpedantic]
 1363 |  &HardFault_Handler,
      |  ^
libDaisy/core/startup_stm32h750xx.c:1363:2: note: (near initialization for 'g_pfnVectors[3]')
libDaisy/core/startup_stm32h750xx.c:1364:2: warning: ISO C forbids initialization between function pointer and 'void *' [-Wpedantic]
 1364 |  &MemManage_Handler,
      |  ^
libDaisy/core/startup_stm32h750xx.c:1364:2: note: (near initialization for 'g_pfnVectors[4]')
libDaisy/core/startup_stm32h750xx.c:1365:2: warning: ISO C forbids initialization between function pointer and 'void *' [-Wpedantic]
 1365 |  &BusFault_Handler,
      |  ^
libDaisy/core/startup_stm32h750xx.c:1365:2: note: (near initialization for 'g_pfnVectors[5]')
libDaisy/core/startup_stm32h750xx.c:1366:2: warning: ISO C forbids initialization between function pointer and 'void *' [-Wpedantic]
 1366 |  &UsageFault_Handler,
      |  ^
libDaisy/core/startup_stm32h750xx.c:1366:2: note: (near initialization for 'g_pfnVectors[6]')
libDaisy/core/startup_stm32h750xx.c:1371:2: warning: ISO C forbids initialization between function pointer and 'void *' [-Wpedantic]
 1371 |  &SVC_Handler,
      |  ^
libDaisy/core/startup_stm32h750xx.c:1371:2: note: (near initialization for 'g_pfnVectors[11]')
libDaisy/core/startup_stm32h750xx.c:1372:2: warning: ISO C forbids initialization between function pointer and 'void *' [-Wpedantic]
 1372 |  &DebugMon_Handler,
      |  ^
libDaisy/core/startup_stm32h750xx.c:1372:2: note: (near initialization for 'g_pfnVectors[12]')
libDaisy/core/startup_stm32h750xx.c:1374:2: warning: ISO C forbids initialization between function pointer and 'void *' [-Wpedantic]
 1374 |  &PendSV_Handler,
      |  ^
libDaisy/core/startup_stm32h750xx.c:1374:2: note: (near initialization for 'g_pfnVectors[14]')
libDaisy/core/startup_stm32h750xx.c:1375:2: warning: ISO C forbids initialization between function pointer and 'void *' [-Wpedantic]
 1375 |  &SysTick_Handler,
      |  ^
libDaisy/core/startup_stm32h750xx.c:1375:2: note: (near initialization for 'g_pfnVectors[15]')
libDaisy/core/startup_stm32h750xx.c:1376:2: warning: ISO C forbids initialization between function pointer and 'void *' [-Wpedantic]
 1376 |  &WWDG_IRQHandler,
      |  ^
libDaisy/core/startup_stm32h750xx.c:1376:2: note: (near initialization for 'g_pfnVectors[16]')
libDaisy/core/startup_stm32h750xx.c:1377:2: warning: ISO C forbids initialization between function pointer and 'void *' [-Wpedantic]
 1377 |  &PVD_AVD_IRQHandler,
      |  ^
libDaisy/core/startup_stm32h750xx.c:1377:2: note: (near initialization for 'g_pfnVectors[17]')
libDaisy/core/startup_stm32h750xx.c:1378:2: warning: ISO C forbids initialization between function pointer and 'void *' [-Wpedantic]
 1378 |  &TAMP_STAMP_IRQHandler,
      |  ^
libDaisy/core/startup_stm32h750xx.c:1378:2: note: (near initialization for 'g_pfnVectors[18]')
libDaisy/core/startup_stm32h750xx.c:1379:2: warning: ISO C forbids initialization between function pointer and 'void *' [-Wpedantic]
 1379 |  &RTC_WKUP_IRQHandler,
      |  ^
libDaisy/core/startup_stm32h750xx.c:1379:2: note: (near initialization for 'g_pfnVectors[19]')
libDaisy/core/startup_stm32h750xx.c:1380:2: warning: ISO C forbids initialization between function pointer and 'void *' [-Wpedantic]
 1380 |  &FLASH_IRQHandler,
      |  ^
libDaisy/core/startup_stm32h750xx.c:1380:2: note: (near initialization for 'g_pfnVectors[20]')
libDaisy/core/startup_stm32h750xx.c:1381:2: warning: ISO C forbids initialization between function pointer and 'void *' [-Wpedantic]
 1381 |  &RCC_IRQHandler,
      |  ^
libDaisy/core/startup_stm32h750xx.c:1381:2: note: (near initialization for 'g_pfnVectors[21]')
libDaisy/core/startup_stm32h750xx.c:1382:2: warning: ISO C forbids initialization between function pointer and 'void *' [-Wpedantic]
 1382 |  &EXTI0_IRQHandler,
      |  ^
libDaisy/core/startup_stm32h750xx.c:1382:2: note: (near initialization for 'g_pfnVectors[22]')
libDaisy/core/startup_stm32h750xx.c:1383:2: warning: ISO C forbids initialization between function pointer and 'void *' [-Wpedantic]
 1383 |  &EXTI1_IRQHandler,
      |  ^
libDaisy/core/startup_stm32h750xx.c:1383:2: note: (near initialization for 'g_pfnVectors[23]')
libDaisy/core/startup_stm32h750xx.c:1384:2: warning: ISO C forbids initialization between function pointer and 'void *' [-Wpedantic]
 1384 |  &EXTI2_IRQHandler,
      |  ^
libDaisy/core/startup_stm32h750xx.c:1384:2: note: (near initialization for 'g_pfnVectors[24]')
libDaisy/core/startup_stm32h750xx.c:1385:2: warning: ISO C forbids initialization between function pointer and 'void *' [-Wpedantic]
 1385 |  &EXTI3_IRQHandler,
      |  ^
libDaisy/core/startup_stm32h750xx.c:1385:2: note: (near initialization for 'g_pfnVectors[25]')
libDaisy/core/startup_stm32h750xx.c:1386:2: warning: ISO C forbids initialization between function pointer and 'void *' [-Wpedantic]
 1386 |  &EXTI4_IRQHandler,
      |  ^
libDaisy/core/startup_stm32h750xx.c:1386:2: note: (near initialization for 'g_pfnVectors[26]')
libDaisy/core/startup_stm32h750xx.c:1387:2: warning: ISO C forbids initialization between function pointer and 'void *' [-Wpedantic]
 1387 |  &DMA1_Stream0_IRQHandler,
      |  ^
libDaisy/core/startup_stm32h750xx.c:1387:2: note: (near initialization for 'g_pfnVectors[27]')
libDaisy/core/startup_stm32h750xx.c:1388:2: warning: ISO C forbids initialization between function pointer and 'void *' [-Wpedantic]
 1388 |  &DMA1_Stream1_IRQHandler,
      |  ^
libDaisy/core/startup_stm32h750xx.c:1388:2: note: (near initialization for 'g_pfnVectors[28]')
libDaisy/core/startup_stm32h750xx.c:1389:2: warning: ISO C forbids initialization between function pointer and 'void *' [-Wpedantic]
 1389 |  &DMA1_Stream2_IRQHandler,
      |  ^
libDaisy/core/startup_stm32h750xx.c:1389:2: note: (near initialization for 'g_pfnVectors[29]')
libDaisy/core/startup_stm32h750xx.c:1390:2: warning: ISO C forbids initialization between function pointer and 'void *' [-Wpedantic]
 1390 |  &DMA1_Stream3_IRQHandler,
      |  ^
libDaisy/core/startup_stm32h750xx.c:1390:2: note: (near initialization for 'g_pfnVectors[30]')
libDaisy/core/startup_stm32h750xx.c:1391:2: warning: ISO C forbids initialization between function pointer and 'void *' [-Wpedantic]
 1391 |  &DMA1_Stream4_IRQHandler,
      |  ^
libDaisy/core/startup_stm32h750xx.c:1391:2: note: (near initialization for 'g_pfnVectors[31]')
libDaisy/core/startup_stm32h750xx.c:1392:2: warning: ISO C forbids initialization between function pointer and 'void *' [-Wpedantic]
 1392 |  &DMA1_Stream5_IRQHandler,
      |  ^
libDaisy/core/startup_stm32h750xx.c:1392:2: note: (near initialization for 'g_pfnVectors[32]')
libDaisy/core/startup_stm32h750xx.c:1393:2: warning: ISO C forbids initialization between function pointer and 'void *' [-Wpedantic]
 1393 |  &DMA1_Stream6_IRQHandler,
      |  ^
libDaisy/core/startup_stm32h750xx.c:1393:2: note: (near initialization for 'g_pfnVectors[33]')
libDaisy/core/startup_stm32h750xx.c:1394:2: warning: ISO C forbids initialization between function pointer and 'void *' [-Wpedantic]
 1394 |  &ADC_IRQHandler,
      |  ^
libDaisy/core/startup_stm32h750xx.c:1394:2: note: (near initialization for 'g_pfnVectors[34]')
libDaisy/core/startup_stm32h750xx.c:1395:2: warning: ISO C forbids initialization between function pointer and 'void *' [-Wpedantic]
 1395 |  &FDCAN1_IT0_IRQHandler,
      |  ^
libDaisy/core/startup_stm32h750xx.c:1395:2: note: (near initialization for 'g_pfnVectors[35]')
libDaisy/core/startup_stm32h750xx.c:1396:2: warning: ISO C forbids initialization between function pointer and 'void *' [-Wpedantic]
 1396 |  &FDCAN2_IT0_IRQHandler,
      |  ^
libDaisy/core/startup_stm32h750xx.c:1396:2: note: (near initialization for 'g_pfnVectors[36]')
libDaisy/core/startup_stm32h750xx.c:1397:2: warning: ISO C forbids initialization between function pointer and 'void *' [-Wpedantic]
 1397 |  &FDCAN1_IT1_IRQHandler,
      |  ^
libDaisy/core/startup_stm32h750xx.c:1397:2: note: (near initialization for 'g_pfnVectors[37]')
libDaisy/core/startup_stm32h750xx.c:1398:2: warning: ISO C forbids initialization between function pointer and 'void *' [-Wpedantic]
 1398 |  &FDCAN2_IT1_IRQHandler,
      |  ^
libDaisy/core/startup_stm32h750xx.c:1398:2: note: (near initialization for 'g_pfnVectors[38]')
libDaisy/core/startup_stm32h750xx.c:1399:2: warning: ISO C forbids initialization between function pointer and 'void *' [-Wpedantic]
 1399 |  &EXTI9_5_IRQHandler,
      |  ^
libDaisy/core/startup_stm32h750xx.c:1399:2: note: (near initialization for 'g_pfnVectors[39]')
libDaisy/core/startup_stm32h750xx.c:1400:2: warning: ISO C forbids initialization between function pointer and 'void *' [-Wpedantic]
 1400 |  &TIM1_BRK_IRQHandler,
      |  ^
libDaisy/core/startup_stm32h750xx.c:1400:2: note: (near initialization for 'g_pfnVectors[40]')
libDaisy/core/startup_stm32h750xx.c:1401:2: warning: ISO C forbids initialization between function pointer and 'void *' [-Wpedantic]
 1401 |  &TIM1_UP_IRQHandler,
      |  ^
libDaisy/core/startup_stm32h750xx.c:1401:2: note: (near initialization for 'g_pfnVectors[41]')
libDaisy/core/startup_stm32h750xx.c:1402:2: warning: ISO C forbids initialization between function pointer and 'void *' [-Wpedantic]
 1402 |  &TIM1_TRG_COM_IRQHandler,
      |  ^
libDaisy/core/startup_stm32h750xx.c:1402:2: note: (near initialization for 'g_pfnVectors[42]')
libDaisy/core/startup_stm32h750xx.c:1403:2: warning: ISO C forbids initialization between function pointer and 'void *' [-Wpedantic]
 1403 |  &TIM1_CC_IRQHandler,
      |  ^
libDaisy/core/startup_stm32h750xx.c:1403:2: note: (near initialization for 'g_pfnVectors[43]')
libDaisy/core/startup_stm32h750xx.c:1404:2: warning: ISO C forbids initialization between function pointer and 'void *' [-Wpedantic]
 1404 |  &TIM2_IRQHandler,
      |  ^
libDaisy/core/startup_stm32h750xx.c:1404:2: note: (near initialization for 'g_pfnVectors[44]')
libDaisy/core/startup_stm32h750xx.c:1405:2: warning: ISO C forbids initialization between function pointer and 'void *' [-Wpedantic]
 1405 |  &TIM3_IRQHandler,
      |  ^
libDaisy/core/startup_stm32h750xx.c:1405:2: note: (near initialization for 'g_pfnVectors[45]')
libDaisy/core/startup_stm32h750xx.c:1406:2: warning: ISO C forbids initialization between function pointer and 'void *' [-Wpedantic]
 1406 |  &TIM4_IRQHandler,
      |  ^
libDaisy/core/startup_stm32h750xx.c:1406:2: note: (near initialization for 'g_pfnVectors[46]')
libDaisy/core/startup_stm32h750xx.c:1407:2: warning: ISO C forbids initialization between function pointer and 'void *' [-Wpedantic]
 1407 |  &I2C1_EV_IRQHandler,
      |  ^
libDaisy/core/startup_stm32h750xx.c:1407:2: note: (near initialization for 'g_pfnVectors[47]')
libDaisy/core/startup_stm32h750xx.c:1408:2: warning: ISO C forbids initialization between function pointer and 'void *' [-Wpedantic]
 1408 |  &I2C1_ER_IRQHandler,
      |  ^
libDaisy/core/startup_stm32h750xx.c:1408:2: note: (near initialization for 'g_pfnVectors[48]')
libDaisy/core/startup_stm32h750xx.c:1409:2: warning: ISO C forbids initialization between function pointer and 'void *' [-Wpedantic]
 1409 |  &I2C2_EV_IRQHandler,
      |  ^
libDaisy/core/startup_stm32h750xx.c:1409:2: note: (near initialization for 'g_pfnVectors[49]')
libDaisy/core/startup_stm32h750xx.c:1410:2: warning: ISO C forbids initialization between function pointer and 'void *' [-Wpedantic]
 1410 |  &I2C2_ER_IRQHandler,
      |  ^
libDaisy/core/startup_stm32h750xx.c:1410:2: note: (near initialization for 'g_pfnVectors[50]')
libDaisy/core/startup_stm32h750xx.c:1411:2: warning: ISO C forbids initialization between function pointer and 'void *' [-Wpedantic]
 1411 |  &SPI1_IRQHandler,
      |  ^
libDaisy/core/startup_stm32h750xx.c:1411:2: note: (near initialization for 'g_pfnVectors[51]')
libDaisy/core/startup_stm32h750xx.c:1412:2: warning: ISO C forbids initialization between function pointer and 'void *' [-Wpedantic]
 1412 |  &SPI2_IRQHandler,
      |  ^
libDaisy/core/startup_stm32h750xx.c:1412:2: note: (near initialization for 'g_pfnVectors[52]')
libDaisy/core/startup_stm32h750xx.c:1413:2: warning: ISO C forbids initialization between function pointer and 'void *' [-Wpedantic]
 1413 |  &USART1_IRQHandler,
      |  ^
libDaisy/core/startup_stm32h750xx.c:1413:2: note: (near initialization for 'g_pfnVectors[53]')
libDaisy/core/startup_stm32h750xx.c:1414:2: warning: ISO C forbids initialization between function pointer and 'void *' [-Wpedantic]
 1414 |  &USART2_IRQHandler,
      |  ^
libDaisy/core/startup_stm32h750xx.c:1414:2: note: (near initialization for 'g_pfnVectors[54]')
libDaisy/core/startup_stm32h750xx.c:1415:2: warning: ISO C forbids initialization between function pointer and 'void *' [-Wpedantic]
 1415 |  &USART3_IRQHandler,
      |  ^
libDaisy/core/startup_stm32h750xx.c:1415:2: note: (near initialization for 'g_pfnVectors[55]')
libDaisy/core/startup_stm32h750xx.c:1416:2: warning: ISO C forbids initialization between function pointer and 'void *' [-Wpedantic]
 1416 |  &EXTI15_10_IRQHandler,
      |  ^
libDaisy/core/startup_stm32h750xx.c:1416:2: note: (near initialization for 'g_pfnVectors[56]')
libDaisy/core/startup_stm32h750xx.c:1417:2: warning: ISO C forbids initialization between function pointer and 'void *' [-Wpedantic]
 1417 |  &RTC_Alarm_IRQHandler,
      |  ^
libDaisy/core/startup_stm32h750xx.c:1417:2: note: (near initialization for 'g_pfnVectors[57]')
libDaisy/core/startup_stm32h750xx.c:1419:2: warning: ISO C forbids initialization between function pointer and 'void *' [-Wpedantic]
 1419 |  &TIM8_BRK_TIM12_IRQHandler,
      |  ^
libDaisy/core/startup_stm32h750xx.c:1419:2: note: (near initialization for 'g_pfnVectors[59]')
libDaisy/core/startup_stm32h750xx.c:1420:2: warning: ISO C forbids initialization between function pointer and 'void *' [-Wpedantic]
 1420 |  &TIM8_UP_TIM13_IRQHandler,
      |  ^
libDaisy/core/startup_stm32h750xx.c:1420:2: note: (near initialization for 'g_pfnVectors[60]')
libDaisy/core/startup_stm32h750xx.c:1421:2: warning: ISO C forbids initialization between function pointer and 'void *' [-Wpedantic]
 1421 |  &TIM8_TRG_COM_TIM14_IRQHandler,
      |  ^
libDaisy/core/startup_stm32h750xx.c:1421:2: note: (near initialization for 'g_pfnVectors[61]')
libDaisy/core/startup_stm32h750xx.c:1422:2: warning: ISO C forbids initialization between function pointer and 'void *' [-Wpedantic]
 1422 |  &TIM8_CC_IRQHandler,
      |  ^
libDaisy/core/startup_stm32h750xx.c:1422:2: note: (near initialization for 'g_pfnVectors[62]')
libDaisy/core/startup_stm32h750xx.c:1423:2: warning: ISO C forbids initialization between function pointer and 'void *' [-Wpedantic]
 1423 |  &DMA1_Stream7_IRQHandler,
      |  ^
libDaisy/core/startup_stm32h750xx.c:1423:2: note: (near initialization for 'g_pfnVectors[63]')
libDaisy/core/startup_stm32h750xx.c:1424:2: warning: ISO C forbids initialization between function pointer and 'void *' [-Wpedantic]
 1424 |  &FMC_IRQHandler,
      |  ^
libDaisy/core/startup_stm32h750xx.c:1424:2: note: (near initialization for 'g_pfnVectors[64]')
libDaisy/core/startup_stm32h750xx.c:1425:2: warning: ISO C forbids initialization between function pointer and 'void *' [-Wpedantic]
 1425 |  &SDMMC1_IRQHandler,
      |  ^
libDaisy/core/startup_stm32h750xx.c:1425:2: note: (near initialization for 'g_pfnVectors[65]')
libDaisy/core/startup_stm32h750xx.c:1426:2: warning: ISO C forbids initialization between function pointer and 'void *' [-Wpedantic]
 1426 |  &TIM5_IRQHandler,
      |  ^
libDaisy/core/startup_stm32h750xx.c:1426:2: note: (near initialization for 'g_pfnVectors[66]')
libDaisy/core/startup_stm32h750xx.c:1427:2: warning: ISO C forbids initialization between function pointer and 'void *' [-Wpedantic]
 1427 |  &SPI3_IRQHandler,
      |  ^
libDaisy/core/startup_stm32h750xx.c:1427:2: note: (near initialization for 'g_pfnVectors[67]')
libDaisy/core/startup_stm32h750xx.c:1428:2: warning: ISO C forbids initialization between function pointer and 'void *' [-Wpedantic]
 1428 |  &UART4_IRQHandler,
      |  ^
libDaisy/core/startup_stm32h750xx.c:1428:2: note: (near initialization for 'g_pfnVectors[68]')
libDaisy/core/startup_stm32h750xx.c:1429:2: warning: ISO C forbids initialization between function pointer and 'void *' [-Wpedantic]
 1429 |  &UART5_IRQHandler,
      |  ^
libDaisy/core/startup_stm32h750xx.c:1429:2: note: (near initialization for 'g_pfnVectors[69]')
libDaisy/core/startup_stm32h750xx.c:1430:2: warning: ISO C forbids initialization between function pointer and 'void *' [-Wpedantic]
 1430 |  &TIM6_DAC_IRQHandler,
      |  ^
libDaisy/core/startup_stm32h750xx.c:1430:2: note: (near initialization for 'g_pfnVectors[70]')
libDaisy/core/startup_stm32h750xx.c:1431:2: warning: ISO C forbids initialization between function pointer and 'void *' [-Wpedantic]
 1431 |  &TIM7_IRQHandler,
      |  ^
libDaisy/core/startup_stm32h750xx.c:1431:2: note: (near initialization for 'g_pfnVectors[71]')
libDaisy/core/startup_stm32h750xx.c:1432:2: warning: ISO C forbids initialization between function pointer and 'void *' [-Wpedantic]
 1432 |  &DMA2_Stream0_IRQHandler,
      |  ^
libDaisy/core/startup_stm32h750xx.c:1432:2: note: (near initialization for 'g_pfnVectors[72]')
libDaisy/core/startup_stm32h750xx.c:1433:2: warning: ISO C forbids initialization between function pointer and 'void *' [-Wpedantic]
 1433 |  &DMA2_Stream1_IRQHandler,
      |  ^
libDaisy/core/startup_stm32h750xx.c:1433:2: note: (near initialization for 'g_pfnVectors[73]')
libDaisy/core/startup_stm32h750xx.c:1434:2: warning: ISO C forbids initialization between function pointer and 'void *' [-Wpedantic]
 1434 |  &DMA2_Stream2_IRQHandler,
      |  ^
libDaisy/core/startup_stm32h750xx.c:1434:2: note: (near initialization for 'g_pfnVectors[74]')
libDaisy/core/startup_stm32h750xx.c:1435:2: warning: ISO C forbids initialization between function pointer and 'void *' [-Wpedantic]
 1435 |  &DMA2_Stream3_IRQHandler,
      |  ^
libDaisy/core/startup_stm32h750xx.c:1435:2: note: (near initialization for 'g_pfnVectors[75]')
libDaisy/core/startup_stm32h750xx.c:1436:2: warning: ISO C forbids initialization between function pointer and 'void *' [-Wpedantic]
 1436 |  &DMA2_Stream4_IRQHandler,
      |  ^
libDaisy/core/startup_stm32h750xx.c:1436:2: note: (near initialization for 'g_pfnVectors[76]')
libDaisy/core/startup_stm32h750xx.c:1437:2: warning: ISO C forbids initialization between function pointer and 'void *' [-Wpedantic]
 1437 |  &ETH_IRQHandler,
      |  ^
libDaisy/core/startup_stm32h750xx.c:1437:2: note: (near initialization for 'g_pfnVectors[77]')
libDaisy/core/startup_stm32h750xx.c:1438:2: warning: ISO C forbids initialization between function pointer and 'void *' [-Wpedantic]
 1438 |  &ETH_WKUP_IRQHandler,
      |  ^
libDaisy/core/startup_stm32h750xx.c:1438:2: note: (near initialization for 'g_pfnVectors[78]')
libDaisy/core/startup_stm32h750xx.c:1439:2: warning: ISO C forbids initialization between function pointer and 'void *' [-Wpedantic]
 1439 |  &FDCAN_CAL_IRQHandler,
      |  ^
libDaisy/core/startup_stm32h750xx.c:1439:2: note: (near initialization for 'g_pfnVectors[79]')
libDaisy/core/startup_stm32h750xx.c:1444:2: warning: ISO C forbids initialization between function pointer and 'void *' [-Wpedantic]
 1444 |  &DMA2_Stream5_IRQHandler,
      |  ^
libDaisy/core/startup_stm32h750xx.c:1444:2: note: (near initialization for 'g_pfnVectors[84]')
libDaisy/core/startup_stm32h750xx.c:1445:2: warning: ISO C forbids initialization between function pointer and 'void *' [-Wpedantic]
 1445 |  &DMA2_Stream6_IRQHandler,
      |  ^
libDaisy/core/startup_stm32h750xx.c:1445:2: note: (near initialization for 'g_pfnVectors[85]')
libDaisy/core/startup_stm32h750xx.c:1446:2: warning: ISO C forbids initialization between function pointer and 'void *' [-Wpedantic]
 1446 |  &DMA2_Stream7_IRQHandler,
      |  ^
libDaisy/core/startup_stm32h750xx.c:1446:2: note: (near initialization for 'g_pfnVectors[86]')
libDaisy/core/startup_stm32h750xx.c:1447:2: warning: ISO C forbids initialization between function pointer and 'void *' [-Wpedantic]
 1447 |  &USART6_IRQHandler,
      |  ^
libDaisy/core/startup_stm32h750xx.c:1447:2: note: (near initialization for 'g_pfnVectors[87]')
libDaisy/core/startup_stm32h750xx.c:1448:2: warning: ISO C forbids initialization between function pointer and 'void *' [-Wpedantic]
 1448 |  &I2C3_EV_IRQHandler,
      |  ^
libDaisy/core/startup_stm32h750xx.c:1448:2: note: (near initialization for 'g_pfnVectors[88]')
libDaisy/core/startup_stm32h750xx.c:1449:2: warning: ISO C forbids initialization between function pointer and 'void *' [-Wpedantic]
 1449 |  &I2C3_ER_IRQHandler,
      |  ^
libDaisy/core/startup_stm32h750xx.c:1449:2: note: (near initialization for 'g_pfnVectors[89]')
libDaisy/core/startup_stm32h750xx.c:1450:2: warning: ISO C forbids initialization between function pointer and 'void *' [-Wpedantic]
 1450 |  &OTG_HS_EP1_OUT_IRQHandler,
      |  ^
libDaisy/core/startup_stm32h750xx.c:1450:2: note: (near initialization for 'g_pfnVectors[90]')
libDaisy/core/startup_stm32h750xx.c:1451:2: warning: ISO C forbids initialization between function pointer and 'void *' [-Wpedantic]
 1451 |  &OTG_HS_EP1_IN_IRQHandler,
      |  ^
libDaisy/core/startup_stm32h750xx.c:1451:2: note: (near initialization for 'g_pfnVectors[91]')
libDaisy/core/startup_stm32h750xx.c:1452:2: warning: ISO C forbids initialization between function pointer and 'void *' [-Wpedantic]
 1452 |  &OTG_HS_WKUP_IRQHandler,
      |  ^
libDaisy/core/startup_stm32h750xx.c:1452:2: note: (near initialization for 'g_pfnVectors[92]')
libDaisy/core/startup_stm32h750xx.c:1453:2: warning: ISO C forbids initialization between function pointer and 'void *' [-Wpedantic]
 1453 |  &OTG_HS_IRQHandler,
      |  ^
libDaisy/core/startup_stm32h750xx.c:1453:2: note: (near initialization for 'g_pfnVectors[93]')
libDaisy/core/startup_stm32h750xx.c:1454:2: warning: ISO C forbids initialization between function pointer and 'void *' [-Wpedantic]
 1454 |  &DCMI_IRQHandler,
      |  ^
libDaisy/core/startup_stm32h750xx.c:1454:2: note: (near initialization for 'g_pfnVectors[94]')
libDaisy/core/startup_stm32h750xx.c:1455:2: warning: ISO C forbids initialization between function pointer and 'void *' [-Wpedantic]
 1455 |  &CRYP_IRQHandler,
      |  ^
libDaisy/core/startup_stm32h750xx.c:1455:2: note: (near initialization for 'g_pfnVectors[95]')
libDaisy/core/startup_stm32h750xx.c:1456:2: warning: ISO C forbids initialization between function pointer and 'void *' [-Wpedantic]
 1456 |  &HASH_RNG_IRQHandler,
      |  ^
libDaisy/core/startup_stm32h750xx.c:1456:2: note: (near initialization for 'g_pfnVectors[96]')
libDaisy/core/startup_stm32h750xx.c:1457:2: warning: ISO C forbids initialization between function pointer and 'void *' [-Wpedantic]
 1457 |  &FPU_IRQHandler,
      |  ^
libDaisy/core/startup_stm32h750xx.c:1457:2: note: (near initialization for 'g_pfnVectors[97]')
libDaisy/core/startup_stm32h750xx.c:1458:2: warning: ISO C forbids initialization between function pointer and 'void *' [-Wpedantic]
 1458 |  &UART7_IRQHandler,
      |  ^
libDaisy/core/startup_stm32h750xx.c:1458:2: note: (near initialization for 'g_pfnVectors[98]')
libDaisy/core/startup_stm32h750xx.c:1459:2: warning: ISO C forbids initialization between function pointer and 'void *' [-Wpedantic]
 1459 |  &UART8_IRQHandler,
      |  ^
libDaisy/core/startup_stm32h750xx.c:1459:2: note: (near initialization for 'g_pfnVectors[99]')
libDaisy/core/startup_stm32h750xx.c:1460:2: warning: ISO C forbids initialization between function pointer and 'void *' [-Wpedantic]
 1460 |  &SPI4_IRQHandler,
      |  ^
libDaisy/core/startup_stm32h750xx.c:1460:2: note: (near initialization for 'g_pfnVectors[100]')
libDaisy/core/startup_stm32h750xx.c:1461:2: warning: ISO C forbids initialization between function pointer and 'void *' [-Wpedantic]
 1461 |  &SPI5_IRQHandler,
      |  ^
libDaisy/core/startup_stm32h750xx.c:1461:2: note: (near initialization for 'g_pfnVectors[101]')
libDaisy/core/startup_stm32h750xx.c:1462:2: warning: ISO C forbids initialization between function pointer and 'void *' [-Wpedantic]
 1462 |  &SPI6_IRQHandler,
      |  ^
libDaisy/core/startup_stm32h750xx.c:1462:2: note: (near initialization for 'g_pfnVectors[102]')
libDaisy/core/startup_stm32h750xx.c:1463:2: warning: ISO C forbids initialization between function pointer and 'void *' [-Wpedantic]
 1463 |  &SAI1_IRQHandler,
      |  ^
libDaisy/core/startup_stm32h750xx.c:1463:2: note: (near initialization for 'g_pfnVectors[103]')
libDaisy/core/startup_stm32h750xx.c:1464:2: warning: ISO C forbids initialization between function pointer and 'void *' [-Wpedantic]
 1464 |  &LTDC_IRQHandler,
      |  ^
libDaisy/core/startup_stm32h750xx.c:1464:2: note: (near initialization for 'g_pfnVectors[104]')
libDaisy/core/startup_stm32h750xx.c:1465:2: warning: ISO C forbids initialization between function pointer and 'void *' [-Wpedantic]
 1465 |  &LTDC_ER_IRQHandler,
      |  ^
libDaisy/core/startup_stm32h750xx.c:1465:2: note: (near initialization for 'g_pfnVectors[105]')
libDaisy/core/startup_stm32h750xx.c:1466:2: warning: ISO C forbids initialization between function pointer and 'void *' [-Wpedantic]
 1466 |  &DMA2D_IRQHandler,
      |  ^
libDaisy/core/startup_stm32h750xx.c:1466:2: note: (near initialization for 'g_pfnVectors[106]')
libDaisy/core/startup_stm32h750xx.c:1467:2: warning: ISO C forbids initialization between function pointer and 'void *' [-Wpedantic]
 1467 |  &SAI2_IRQHandler,
      |  ^
libDaisy/core/startup_stm32h750xx.c:1467:2: note: (near initialization for 'g_pfnVectors[107]')
libDaisy/core/startup_stm32h750xx.c:1468:2: warning: ISO C forbids initialization between function pointer and 'void *' [-Wpedantic]
 1468 |  &QUADSPI_IRQHandler,
      |  ^
libDaisy/core/startup_stm32h750xx.c:1468:2: note: (near initialization for 'g_pfnVectors[108]')
libDaisy/core/startup_stm32h750xx.c:1469:2: warning: ISO C forbids initialization between function pointer and 'void *' [-Wpedantic]
 1469 |  &LPTIM1_IRQHandler,
      |  ^
libDaisy/core/startup_stm32h750xx.c:1469:2: note: (near initialization for 'g_pfnVectors[109]')
libDaisy/core/startup_stm32h750xx.c:1470:2: warning: ISO C forbids initialization between function pointer and 'void *' [-Wpedantic]
 1470 |  &CEC_IRQHandler,
      |  ^
libDaisy/core/startup_stm32h750xx.c:1470:2: note: (near initialization for 'g_pfnVectors[110]')
libDaisy/core/startup_stm32h750xx.c:1471:2: warning: ISO C forbids initialization between function pointer and 'void *' [-Wpedantic]
 1471 |  &I2C4_EV_IRQHandler,
      |  ^
libDaisy/core/startup_stm32h750xx.c:1471:2: note: (near initialization for 'g_pfnVectors[111]')
libDaisy/core/startup_stm32h750xx.c:1472:2: warning: ISO C forbids initialization between function pointer and 'void *' [-Wpedantic]
 1472 |  &I2C4_ER_IRQHandler,
      |  ^
libDaisy/core/startup_stm32h750xx.c:1472:2: note: (near initialization for 'g_pfnVectors[112]')
libDaisy/core/startup_stm32h750xx.c:1473:2: warning: ISO C forbids initialization between function pointer and 'void *' [-Wpedantic]
 1473 |  &SPDIF_RX_IRQHandler,
      |  ^
libDaisy/core/startup_stm32h750xx.c:1473:2: note: (near initialization for 'g_pfnVectors[113]')
libDaisy/core/startup_stm32h750xx.c:1474:2: warning: ISO C forbids initialization between function pointer and 'void *' [-Wpedantic]
 1474 |  &OTG_FS_EP1_OUT_IRQHandler,
      |  ^
libDaisy/core/startup_stm32h750xx.c:1474:2: note: (near initialization for 'g_pfnVectors[114]')
libDaisy/core/startup_stm32h750xx.c:1475:2: warning: ISO C forbids initialization between function pointer and 'void *' [-Wpedantic]
 1475 |  &OTG_FS_EP1_IN_IRQHandler,
      |  ^
libDaisy/core/startup_stm32h750xx.c:1475:2: note: (near initialization for 'g_pfnVectors[115]')
libDaisy/core/startup_stm32h750xx.c:1476:2: warning: ISO C forbids initialization between function pointer and 'void *' [-Wpedantic]
 1476 |  &OTG_FS_WKUP_IRQHandler,
      |  ^
libDaisy/core/startup_stm32h750xx.c:1476:2: note: (near initialization for 'g_pfnVectors[116]')
libDaisy/core/startup_stm32h750xx.c:1477:2: warning: ISO C forbids initialization between function pointer and 'void *' [-Wpedantic]
 1477 |  &OTG_FS_IRQHandler,
      |  ^
libDaisy/core/startup_stm32h750xx.c:1477:2: note: (near initialization for 'g_pfnVectors[117]')
libDaisy/core/startup_stm32h750xx.c:1478:2: warning: ISO C forbids initialization between function pointer and 'void *' [-Wpedantic]
 1478 |  &DMAMUX1_OVR_IRQHandler,
      |  ^
libDaisy/core/startup_stm32h750xx.c:1478:2: note: (near initialization for 'g_pfnVectors[118]')
libDaisy/core/startup_stm32h750xx.c:1479:2: warning: ISO C forbids initialization between function pointer and 'void *' [-Wpedantic]
 1479 |  &HRTIM1_Master_IRQHandler,
      |  ^
libDaisy/core/startup_stm32h750xx.c:1479:2: note: (near initialization for 'g_pfnVectors[119]')
libDaisy/core/startup_stm32h750xx.c:1480:2: warning: ISO C forbids initialization between function pointer and 'void *' [-Wpedantic]
 1480 |  &HRTIM1_TIMA_IRQHandler,
      |  ^
libDaisy/core/startup_stm32h750xx.c:1480:2: note: (near initialization for 'g_pfnVectors[120]')
libDaisy/core/startup_stm32h750xx.c:1481:2: warning: ISO C forbids initialization between function pointer and 'void *' [-Wpedantic]
 1481 |  &HRTIM1_TIMB_IRQHandler,
      |  ^
libDaisy/core/startup_stm32h750xx.c:1481:2: note: (near initialization for 'g_pfnVectors[121]')
libDaisy/core/startup_stm32h750xx.c:1482:2: warning: ISO C forbids initialization between function pointer and 'void *' [-Wpedantic]
 1482 |  &HRTIM1_TIMC_IRQHandler,
      |  ^
libDaisy/core/startup_stm32h750xx.c:1482:2: note: (near initialization for 'g_pfnVectors[122]')
libDaisy/core/startup_stm32h750xx.c:1483:2: warning: ISO C forbids initialization between function pointer and 'void *' [-Wpedantic]
 1483 |  &HRTIM1_TIMD_IRQHandler,
      |  ^
libDaisy/core/startup_stm32h750xx.c:1483:2: note: (near initialization for 'g_pfnVectors[123]')
libDaisy/core/startup_stm32h750xx.c:1484:2: warning: ISO C forbids initialization between function pointer and 'void *' [-Wpedantic]
 1484 |  &HRTIM1_TIME_IRQHandler,
      |  ^
libDaisy/core/startup_stm32h750xx.c:1484:2: note: (near initialization for 'g_pfnVectors[124]')
libDaisy/core/startup_stm32h750xx.c:1485:2: warning: ISO C forbids initialization between function pointer and 'void *' [-Wpedantic]
 1485 |  &HRTIM1_FLT_IRQHandler,
      |  ^
libDaisy/core/startup_stm32h750xx.c:1485:2: note: (near initialization for 'g_pfnVectors[125]')
libDaisy/core/startup_stm32h750xx.c:1486:2: warning: ISO C forbids initialization between function pointer and 'void *' [-Wpedantic]
 1486 |  &DFSDM1_FLT0_IRQHandler,
      |  ^
libDaisy/core/startup_stm32h750xx.c:1486:2: note: (near initialization for 'g_pfnVectors[126]')
libDaisy/core/startup_stm32h750xx.c:1487:2: warning: ISO C forbids initialization between function pointer and 'void *' [-Wpedantic]
 1487 |  &DFSDM1_FLT1_IRQHandler,
      |  ^
libDaisy/core/startup_stm32h750xx.c:1487:2: note: (near initialization for 'g_pfnVectors[127]')
libDaisy/core/startup_stm32h750xx.c:1488:2: warning: ISO C forbids initialization between function pointer and 'void *' [-Wpedantic]
 1488 |  &DFSDM1_FLT2_IRQHandler,
      |  ^
libDaisy/core/startup_stm32h750xx.c:1488:2: note: (near initialization for 'g_pfnVectors[128]')
libDaisy/core/startup_stm32h750xx.c:1489:2: warning: ISO C forbids initialization between function pointer and 'void *' [-Wpedantic]
 1489 |  &DFSDM1_FLT3_IRQHandler,
      |  ^
libDaisy/core/startup_stm32h750xx.c:1489:2: note: (near initialization for 'g_pfnVectors[129]')
libDaisy/core/startup_stm32h750xx.c:1490:2: warning: ISO C forbids initialization between function pointer and 'void *' [-Wpedantic]
 1490 |  &SAI3_IRQHandler,
      |  ^
libDaisy/core/startup_stm32h750xx.c:1490:2: note: (near initialization for 'g_pfnVectors[130]')
libDaisy/core/startup_stm32h750xx.c:1491:2: warning: ISO C forbids initialization between function pointer and 'void *' [-Wpedantic]
 1491 |  &SWPMI1_IRQHandler,
      |  ^
libDaisy/core/startup_stm32h750xx.c:1491:2: note: (near initialization for 'g_pfnVectors[131]')
libDaisy/core/startup_stm32h750xx.c:1492:2: warning: ISO C forbids initialization between function pointer and 'void *' [-Wpedantic]
 1492 |  &TIM15_IRQHandler,
      |  ^
libDaisy/core/startup_stm32h750xx.c:1492:2: note: (near initialization for 'g_pfnVectors[132]')
libDaisy/core/startup_stm32h750xx.c:1493:2: warning: ISO C forbids initialization between function pointer and 'void *' [-Wpedantic]
 1493 |  &TIM16_IRQHandler,
      |  ^
libDaisy/core/startup_stm32h750xx.c:1493:2: note: (near initialization for 'g_pfnVectors[133]')
libDaisy/core/startup_stm32h750xx.c:1494:2: warning: ISO C forbids initialization between function pointer and 'void *' [-Wpedantic]
 1494 |  &TIM17_IRQHandler,
      |  ^
libDaisy/core/startup_stm32h750xx.c:1494:2: note: (near initialization for 'g_pfnVectors[134]')
libDaisy/core/startup_stm32h750xx.c:1495:2: warning: ISO C forbids initialization between function pointer and 'void *' [-Wpedantic]
 1495 |  &MDIOS_WKUP_IRQHandler,
      |  ^
libDaisy/core/startup_stm32h750xx.c:1495:2: note: (near initialization for 'g_pfnVectors[135]')
libDaisy/core/startup_stm32h750xx.c:1496:2: warning: ISO C forbids initialization between function pointer and 'void *' [-Wpedantic]
 1496 |  &MDIOS_IRQHandler,
      |  ^
libDaisy/core/startup_stm32h750xx.c:1496:2: note: (near initialization for 'g_pfnVectors[136]')
libDaisy/core/startup_stm32h750xx.c:1497:2: warning: ISO C forbids initialization between function pointer and 'void *' [-Wpedantic]
 1497 |  &JPEG_IRQHandler,
      |  ^
libDaisy/core/startup_stm32h750xx.c:1497:2: note: (near initialization for 'g_pfnVectors[137]')
libDaisy/core/startup_stm32h750xx.c:1498:2: warning: ISO C forbids initialization between function pointer and 'void *' [-Wpedantic]
 1498 |  &MDMA_IRQHandler,
      |  ^
libDaisy/core/startup_stm32h750xx.c:1498:2: note: (near initialization for 'g_pfnVectors[138]')
libDaisy/core/startup_stm32h750xx.c:1500:2: warning: ISO C forbids initialization between function pointer and 'void *' [-Wpedantic]
 1500 |  &SDMMC2_IRQHandler,
      |  ^
libDaisy/core/startup_stm32h750xx.c:1500:2: note: (near initialization for 'g_pfnVectors[140]')
libDaisy/core/startup_stm32h750xx.c:1501:2: warning: ISO C forbids initialization between function pointer and 'void *' [-Wpedantic]
 1501 |  &HSEM1_IRQHandler,
      |  ^
libDaisy/core/startup_stm32h750xx.c:1501:2: note: (near initialization for 'g_pfnVectors[141]')
libDaisy/core/startup_stm32h750xx.c:1503:2: warning: ISO C forbids initialization between function pointer and 'void *' [-Wpedantic]
 1503 |  &ADC3_IRQHandler,
      |  ^
libDaisy/core/startup_stm32h750xx.c:1503:2: note: (near initialization for 'g_pfnVectors[143]')
libDaisy/core/startup_stm32h750xx.c:1504:2: warning: ISO C forbids initialization between function pointer and 'void *' [-Wpedantic]
 1504 |  &DMAMUX2_OVR_IRQHandler,
      |  ^
libDaisy/core/startup_stm32h750xx.c:1504:2: note: (near initialization for 'g_pfnVectors[144]')
libDaisy/core/startup_stm32h750xx.c:1505:2: warning: ISO C forbids initialization between function pointer and 'void *' [-Wpedantic]
 1505 |  &BDMA_Channel0_IRQHandler,
      |  ^
libDaisy/core/startup_stm32h750xx.c:1505:2: note: (near initialization for 'g_pfnVectors[145]')
libDaisy/core/startup_stm32h750xx.c:1506:2: warning: ISO C forbids initialization between function pointer and 'void *' [-Wpedantic]
 1506 |  &BDMA_Channel1_IRQHandler,
      |  ^
libDaisy/core/startup_stm32h750xx.c:1506:2: note: (near initialization for 'g_pfnVectors[146]')
libDaisy/core/startup_stm32h750xx.c:1507:2: warning: ISO C forbids initialization between function pointer and 'void *' [-Wpedantic]
 1507 |  &BDMA_Channel2_IRQHandler,
      |  ^
libDaisy/core/startup_stm32h750xx.c:1507:2: note: (near initialization for 'g_pfnVectors[147]')
libDaisy/core/startup_stm32h750xx.c:1508:2: warning: ISO C forbids initialization between function pointer and 'void *' [-Wpedantic]
 1508 |  &BDMA_Channel3_IRQHandler,
      |  ^
libDaisy/core/startup_stm32h750xx.c:1508:2: note: (near initialization for 'g_pfnVectors[148]')
libDaisy/core/startup_stm32h750xx.c:1509:2: warning: ISO C forbids initialization between function pointer and 'void *' [-Wpedantic]
 1509 |  &BDMA_Channel4_IRQHandler,
      |  ^
libDaisy/core/startup_stm32h750xx.c:1509:2: note: (near initialization for 'g_pfnVectors[149]')
libDaisy/core/startup_stm32h750xx.c:1510:2: warning: ISO C forbids initialization between function pointer and 'void *' [-Wpedantic]
 1510 |  &BDMA_Channel5_IRQHandler,
      |  ^
libDaisy/core/startup_stm32h750xx.c:1510:2: note: (near initialization for 'g_pfnVectors[150]')
libDaisy/core/startup_stm32h750xx.c:1511:2: warning: ISO C forbids initialization between function pointer and 'void *' [-Wpedantic]
 1511 |  &BDMA_Channel6_IRQHandler,
      |  ^
libDaisy/core/startup_stm32h750xx.c:1511:2: note: (near initialization for 'g_pfnVectors[151]')
libDaisy/core/startup_stm32h750xx.c:1512:2: warning: ISO C forbids initialization between function pointer and 'void *' [-Wpedantic]
 1512 |  &BDMA_Channel7_IRQHandler,
      |  ^
libDaisy/core/startup_stm32h750xx.c:1512:2: note: (near initialization for 'g_pfnVectors[152]')
libDaisy/core/startup_stm32h750xx.c:1513:2: warning: ISO C forbids initialization between function pointer and 'void *' [-Wpedantic]
 1513 |  &COMP1_IRQHandler,
      |  ^
libDaisy/core/startup_stm32h750xx.c:1513:2: note: (near initialization for 'g_pfnVectors[153]')
libDaisy/core/startup_stm32h750xx.c:1514:2: warning: ISO C forbids initialization between function pointer and 'void *' [-Wpedantic]
 1514 |  &LPTIM2_IRQHandler,
      |  ^
libDaisy/core/startup_stm32h750xx.c:1514:2: note: (near initialization for 'g_pfnVectors[154]')
libDaisy/core/startup_stm32h750xx.c:1515:2: warning: ISO C forbids initialization between function pointer and 'void *' [-Wpedantic]
 1515 |  &LPTIM3_IRQHandler,
      |  ^
libDaisy/core/startup_stm32h750xx.c:1515:2: note: (near initialization for 'g_pfnVectors[155]')
libDaisy/core/startup_stm32h750xx.c:1516:2: warning: ISO C forbids initialization between function pointer and 'void *' [-Wpedantic]
 1516 |  &LPTIM4_IRQHandler,
      |  ^
libDaisy/core/startup_stm32h750xx.c:1516:2: note: (near initialization for 'g_pfnVectors[156]')
libDaisy/core/startup_stm32h750xx.c:1517:2: warning: ISO C forbids initialization between function pointer and 'void *' [-Wpedantic]
 1517 |  &LPTIM5_IRQHandler,
      |  ^
libDaisy/core/startup_stm32h750xx.c:1517:2: note: (near initialization for 'g_pfnVectors[157]')
libDaisy/core/startup_stm32h750xx.c:1518:2: warning: ISO C forbids initialization between function pointer and 'void *' [-Wpedantic]
 1518 |  &LPUART1_IRQHandler,
      |  ^
libDaisy/core/startup_stm32h750xx.c:1518:2: note: (near initialization for 'g_pfnVectors[158]')
libDaisy/core/startup_stm32h750xx.c:1520:2: warning: ISO C forbids initialization between function pointer and 'void *' [-Wpedantic]
 1520 |  &CRS_IRQHandler,
      |  ^
libDaisy/core/startup_stm32h750xx.c:1520:2: note: (near initialization for 'g_pfnVectors[160]')
libDaisy/core/startup_stm32h750xx.c:1521:2: warning: ISO C forbids initialization between function pointer and 'void *' [-Wpedantic]
 1521 |  &ECC_IRQHandler,
      |  ^
libDaisy/core/startup_stm32h750xx.c:1521:2: note: (near initialization for 'g_pfnVectors[161]')
libDaisy/core/startup_stm32h750xx.c:1522:2: warning: ISO C forbids initialization between function pointer and 'void *' [-Wpedantic]
 1522 |  &SAI4_IRQHandler,
      |  ^
libDaisy/core/startup_stm32h750xx.c:1522:2: note: (near initialization for 'g_pfnVectors[162]')
libDaisy/core/startup_stm32h750xx.c:1525:2: warning: ISO C forbids initialization between function pointer and 'void *' [-Wpedantic]
 1525 |  &WAKEUP_PIN_IRQHandler,
      |  ^
libDaisy/core/startup_stm32h750xx.c:1525:2: note: (near initialization for 'g_pfnVectors[165]')
libDaisy/core/startup_stm32h750xx.c:1207:6: warning: 'NMI_Handler' specifies less restrictive attribute than its target 'Default_Handler': 'noreturn' [-Wmissing-attributes]
 1207 | void NMI_Handler()                    __attribute__ ((weak, alias ("Default_Handler")));
      |      ^~~~~~~~~~~
libDaisy/core/startup_stm32h750xx.c:1560:39: note: 'NMI_Handler' target declared here
 1560 | void __attribute__((naked, noreturn)) Default_Handler()
      |                                       ^~~~~~~~~~~~~~~
libDaisy/core/startup_stm32h750xx.c:1355:6: warning: 'WAKEUP_PIN_IRQHandler' specifies less restrictive attribute than its target 'Default_Handler': 'noreturn' [-Wmissing-attributes]
 1355 | void WAKEUP_PIN_IRQHandler()          __attribute__ ((weak, alias ("Default_Handler")));
      |      ^~~~~~~~~~~~~~~~~~~~~
libDaisy/core/startup_stm32h750xx.c:1560:39: note: 'WAKEUP_PIN_IRQHandler' target declared here
 1560 | void __attribute__((naked, noreturn)) Default_Handler()
      |                                       ^~~~~~~~~~~~~~~
libDaisy/core/startup_stm32h750xx.c:1354:6: warning: 'SAI4_IRQHandler' specifies less restrictive attribute than its target 'Default_Handler': 'noreturn' [-Wmissing-attributes]
 1354 | void SAI4_IRQHandler()                __attribute__ ((weak, alias ("Default_Handler")));
      |      ^~~~~~~~~~~~~~~
libDaisy/core/startup_stm32h750xx.c:1560:39: note: 'SAI4_IRQHandler' target declared here
 1560 | void __attribute__((naked, noreturn)) Default_Handler()
      |                                       ^~~~~~~~~~~~~~~
libDaisy/core/startup_stm32h750xx.c:1353:6: warning: 'ECC_IRQHandler' specifies less restrictive attribute than its target 'Default_Handler': 'noreturn' [-Wmissing-attributes]
 1353 | void ECC_IRQHandler()                 __attribute__ ((weak, alias ("Default_Handler")));
      |      ^~~~~~~~~~~~~~
libDaisy/core/startup_stm32h750xx.c:1560:39: note: 'ECC_IRQHandler' target declared here
 1560 | void __attribute__((naked, noreturn)) Default_Handler()
      |                                       ^~~~~~~~~~~~~~~
libDaisy/core/startup_stm32h750xx.c:1352:6: warning: 'CRS_IRQHandler' specifies less restrictive attribute than its target 'Default_Handler': 'noreturn' [-Wmissing-attributes]
 1352 | void CRS_IRQHandler()                 __attribute__ ((weak, alias ("Default_Handler")));
      |      ^~~~~~~~~~~~~~
libDaisy/core/startup_stm32h750xx.c:1560:39: note: 'CRS_IRQHandler' target declared here
 1560 | void __attribute__((naked, noreturn)) Default_Handler()
      |                                       ^~~~~~~~~~~~~~~
libDaisy/core/startup_stm32h750xx.c:1351:6: warning: 'LPUART1_IRQHandler' specifies less restrictive attribute than its target 'Default_Handler': 'noreturn' [-Wmissing-attributes]
 1351 | void LPUART1_IRQHandler()             __attribute__ ((weak, alias ("Default_Handler")));
      |      ^~~~~~~~~~~~~~~~~~
libDaisy/core/startup_stm32h750xx.c:1560:39: note: 'LPUART1_IRQHandler' target declared here
 1560 | void __attribute__((naked, noreturn)) Default_Handler()
      |                                       ^~~~~~~~~~~~~~~
libDaisy/core/startup_stm32h750xx.c:1350:6: warning: 'LPTIM5_IRQHandler' specifies less restrictive attribute than its target 'Default_Handler': 'noreturn' [-Wmissing-attributes]
 1350 | void LPTIM5_IRQHandler()              __attribute__ ((weak, alias ("Default_Handler")));
      |      ^~~~~~~~~~~~~~~~~
libDaisy/core/startup_stm32h750xx.c:1560:39: note: 'LPTIM5_IRQHandler' target declared here
 1560 | void __attribute__((naked, noreturn)) Default_Handler()
      |                                       ^~~~~~~~~~~~~~~
libDaisy/core/startup_stm32h750xx.c:1349:6: warning: 'LPTIM4_IRQHandler' specifies less restrictive attribute than its target 'Default_Handler': 'noreturn' [-Wmissing-attributes]
 1349 | void LPTIM4_IRQHandler()              __attribute__ ((weak, alias ("Default_Handler")));
      |      ^~~~~~~~~~~~~~~~~
libDaisy/core/startup_stm32h750xx.c:1560:39: note: 'LPTIM4_IRQHandler' target declared here
 1560 | void __attribute__((naked, noreturn)) Default_Handler()
      |                                       ^~~~~~~~~~~~~~~
libDaisy/core/startup_stm32h750xx.c:1348:6: warning: 'LPTIM3_IRQHandler' specifies less restrictive attribute than its target 'Default_Handler': 'noreturn' [-Wmissing-attributes]
 1348 | void LPTIM3_IRQHandler()              __attribute__ ((weak, alias ("Default_Handler")));
      |      ^~~~~~~~~~~~~~~~~
libDaisy/core/startup_stm32h750xx.c:1560:39: note: 'LPTIM3_IRQHandler' target declared here
 1560 | void __attribute__((naked, noreturn)) Default_Handler()
      |                                       ^~~~~~~~~~~~~~~
libDaisy/core/startup_stm32h750xx.c:1347:6: warning: 'LPTIM2_IRQHandler' specifies less restrictive attribute than its target 'Default_Handler': 'noreturn' [-Wmissing-attributes]
 1347 | void LPTIM2_IRQHandler()              __attribute__ ((weak, alias ("Default_Handler")));
      |      ^~~~~~~~~~~~~~~~~
libDaisy/core/startup_stm32h750xx.c:1560:39: note: 'LPTIM2_IRQHandler' target declared here
 1560 | void __attribute__((naked, noreturn)) Default_Handler()
      |                                       ^~~~~~~~~~~~~~~
libDaisy/core/startup_stm32h750xx.c:1346:6: warning: 'COMP1_IRQHandler' specifies less restrictive attribute than its target 'Default_Handler': 'noreturn' [-Wmissing-attributes]
 1346 | void COMP1_IRQHandler()               __attribute__ ((weak, alias ("Default_Handler")));
      |      ^~~~~~~~~~~~~~~~
libDaisy/core/startup_stm32h750xx.c:1560:39: note: 'COMP1_IRQHandler' target declared here
 1560 | void __attribute__((naked, noreturn)) Default_Handler()
      |                                       ^~~~~~~~~~~~~~~
libDaisy/core/startup_stm32h750xx.c:1345:6: warning: 'BDMA_Channel7_IRQHandler' specifies less restrictive attribute than its target 'Default_Handler': 'noreturn' [-Wmissing-attributes]
 1345 | void BDMA_Channel7_IRQHandler()       __attribute__ ((weak, alias ("Default_Handler")));
      |      ^~~~~~~~~~~~~~~~~~~~~~~~
libDaisy/core/startup_stm32h750xx.c:1560:39: note: 'BDMA_Channel7_IRQHandler' target declared here
 1560 | void __attribute__((naked, noreturn)) Default_Handler()
      |                                       ^~~~~~~~~~~~~~~
libDaisy/core/startup_stm32h750xx.c:1344:6: warning: 'BDMA_Channel6_IRQHandler' specifies less restrictive attribute than its target 'Default_Handler': 'noreturn' [-Wmissing-attributes]
 1344 | void BDMA_Channel6_IRQHandler()       __attribute__ ((weak, alias ("Default_Handler")));
      |      ^~~~~~~~~~~~~~~~~~~~~~~~
libDaisy/core/startup_stm32h750xx.c:1560:39: note: 'BDMA_Channel6_IRQHandler' target declared here
 1560 | void __attribute__((naked, noreturn)) Default_Handler()
      |                                       ^~~~~~~~~~~~~~~
libDaisy/core/startup_stm32h750xx.c:1343:6: warning: 'BDMA_Channel5_IRQHandler' specifies less restrictive attribute than its target 'Default_Handler': 'noreturn' [-Wmissing-attributes]
 1343 | void BDMA_Channel5_IRQHandler()       __attribute__ ((weak, alias ("Default_Handler")));
      |      ^~~~~~~~~~~~~~~~~~~~~~~~
libDaisy/core/startup_stm32h750xx.c:1560:39: note: 'BDMA_Channel5_IRQHandler' target declared here
 1560 | void __attribute__((naked, noreturn)) Default_Handler()
      |                                       ^~~~~~~~~~~~~~~
libDaisy/core/startup_stm32h750xx.c:1342:6: warning: 'BDMA_Channel4_IRQHandler' specifies less restrictive attribute than its target 'Default_Handler': 'noreturn' [-Wmissing-attributes]
 1342 | void BDMA_Channel4_IRQHandler()       __attribute__ ((weak, alias ("Default_Handler")));
      |      ^~~~~~~~~~~~~~~~~~~~~~~~
libDaisy/core/startup_stm32h750xx.c:1560:39: note: 'BDMA_Channel4_IRQHandler' target declared here
 1560 | void __attribute__((naked, noreturn)) Default_Handler()
      |                                       ^~~~~~~~~~~~~~~
libDaisy/core/startup_stm32h750xx.c:1341:6: warning: 'BDMA_Channel3_IRQHandler' specifies less restrictive attribute than its target 'Default_Handler': 'noreturn' [-Wmissing-attributes]
 1341 | void BDMA_Channel3_IRQHandler()       __attribute__ ((weak, alias ("Default_Handler")));
      |      ^~~~~~~~~~~~~~~~~~~~~~~~
libDaisy/core/startup_stm32h750xx.c:1560:39: note: 'BDMA_Channel3_IRQHandler' target declared here
 1560 | void __attribute__((naked, noreturn)) Default_Handler()
      |                                       ^~~~~~~~~~~~~~~
libDaisy/core/startup_stm32h750xx.c:1340:6: warning: 'BDMA_Channel2_IRQHandler' specifies less restrictive attribute than its target 'Default_Handler': 'noreturn' [-Wmissing-attributes]
 1340 | void BDMA_Channel2_IRQHandler()       __attribute__ ((weak, alias ("Default_Handler")));
      |      ^~~~~~~~~~~~~~~~~~~~~~~~
libDaisy/core/startup_stm32h750xx.c:1560:39: note: 'BDMA_Channel2_IRQHandler' target declared here
 1560 | void __attribute__((naked, noreturn)) Default_Handler()
      |                                       ^~~~~~~~~~~~~~~
libDaisy/core/startup_stm32h750xx.c:1339:6: warning: 'BDMA_Channel1_IRQHandler' specifies less restrictive attribute than its target 'Default_Handler': 'noreturn' [-Wmissing-attributes]
 1339 | void BDMA_Channel1_IRQHandler()       __attribute__ ((weak, alias ("Default_Handler")));
      |      ^~~~~~~~~~~~~~~~~~~~~~~~
libDaisy/core/startup_stm32h750xx.c:1560:39: note: 'BDMA_Channel1_IRQHandler' target declared here
 1560 | void __attribute__((naked, noreturn)) Default_Handler()
      |                                       ^~~~~~~~~~~~~~~
libDaisy/core/startup_stm32h750xx.c:1338:6: warning: 'BDMA_Channel0_IRQHandler' specifies less restrictive attribute than its target 'Default_Handler': 'noreturn' [-Wmissing-attributes]
 1338 | void BDMA_Channel0_IRQHandler()       __attribute__ ((weak, alias ("Default_Handler")));
      |      ^~~~~~~~~~~~~~~~~~~~~~~~
libDaisy/core/startup_stm32h750xx.c:1560:39: note: 'BDMA_Channel0_IRQHandler' target declared here
 1560 | void __attribute__((naked, noreturn)) Default_Handler()
      |                                       ^~~~~~~~~~~~~~~
libDaisy/core/startup_stm32h750xx.c:1337:6: warning: 'DMAMUX2_OVR_IRQHandler' specifies less restrictive attribute than its target 'Default_Handler': 'noreturn' [-Wmissing-attributes]
 1337 | void DMAMUX2_OVR_IRQHandler()         __attribute__ ((weak, alias ("Default_Handler")));
      |      ^~~~~~~~~~~~~~~~~~~~~~
libDaisy/core/startup_stm32h750xx.c:1560:39: note: 'DMAMUX2_OVR_IRQHandler' target declared here
 1560 | void __attribute__((naked, noreturn)) Default_Handler()
      |                                       ^~~~~~~~~~~~~~~
libDaisy/core/startup_stm32h750xx.c:1336:6: warning: 'ADC3_IRQHandler' specifies less restrictive attribute than its target 'Default_Handler': 'noreturn' [-Wmissing-attributes]
 1336 | void ADC3_IRQHandler()                __attribute__ ((weak, alias ("Default_Handler")));
      |      ^~~~~~~~~~~~~~~
libDaisy/core/startup_stm32h750xx.c:1560:39: note: 'ADC3_IRQHandler' target declared here
 1560 | void __attribute__((naked, noreturn)) Default_Handler()
      |                                       ^~~~~~~~~~~~~~~
libDaisy/core/startup_stm32h750xx.c:1335:6: warning: 'HSEM1_IRQHandler' specifies less restrictive attribute than its target 'Default_Handler': 'noreturn' [-Wmissing-attributes]
 1335 | void HSEM1_IRQHandler()               __attribute__ ((weak, alias ("Default_Handler")));
      |      ^~~~~~~~~~~~~~~~
libDaisy/core/startup_stm32h750xx.c:1560:39: note: 'HSEM1_IRQHandler' target declared here
 1560 | void __attribute__((naked, noreturn)) Default_Handler()
      |                                       ^~~~~~~~~~~~~~~
libDaisy/core/startup_stm32h750xx.c:1334:6: warning: 'SDMMC2_IRQHandler' specifies less restrictive attribute than its target 'Default_Handler': 'noreturn' [-Wmissing-attributes]
 1334 | void SDMMC2_IRQHandler()              __attribute__ ((weak, alias ("Default_Handler")));
      |      ^~~~~~~~~~~~~~~~~
libDaisy/core/startup_stm32h750xx.c:1560:39: note: 'SDMMC2_IRQHandler' target declared here
 1560 | void __attribute__((naked, noreturn)) Default_Handler()
      |                                       ^~~~~~~~~~~~~~~
libDaisy/core/startup_stm32h750xx.c:1333:6: warning: 'MDMA_IRQHandler' specifies less restrictive attribute than its target 'Default_Handler': 'noreturn' [-Wmissing-attributes]
 1333 | void MDMA_IRQHandler()                __attribute__ ((weak, alias ("Default_Handler")));
      |      ^~~~~~~~~~~~~~~
libDaisy/core/startup_stm32h750xx.c:1560:39: note: 'MDMA_IRQHandler' target declared here
 1560 | void __attribute__((naked, noreturn)) Default_Handler()
      |                                       ^~~~~~~~~~~~~~~
libDaisy/core/startup_stm32h750xx.c:1332:6: warning: 'JPEG_IRQHandler' specifies less restrictive attribute than its target 'Default_Handler': 'noreturn' [-Wmissing-attributes]
 1332 | void JPEG_IRQHandler()                __attribute__ ((weak, alias ("Default_Handler")));
      |      ^~~~~~~~~~~~~~~
libDaisy/core/startup_stm32h750xx.c:1560:39: note: 'JPEG_IRQHandler' target declared here
 1560 | void __attribute__((naked, noreturn)) Default_Handler()
      |                                       ^~~~~~~~~~~~~~~
libDaisy/core/startup_stm32h750xx.c:1331:6: warning: 'MDIOS_IRQHandler' specifies less restrictive attribute than its target 'Default_Handler': 'noreturn' [-Wmissing-attributes]
 1331 | void MDIOS_IRQHandler()               __attribute__ ((weak, alias ("Default_Handler")));
      |      ^~~~~~~~~~~~~~~~
libDaisy/core/startup_stm32h750xx.c:1560:39: note: 'MDIOS_IRQHandler' target declared here
 1560 | void __attribute__((naked, noreturn)) Default_Handler()
      |                                       ^~~~~~~~~~~~~~~
libDaisy/core/startup_stm32h750xx.c:1330:6: warning: 'MDIOS_WKUP_IRQHandler' specifies less restrictive attribute than its target 'Default_Handler': 'noreturn' [-Wmissing-attributes]
 1330 | void MDIOS_WKUP_IRQHandler()          __attribute__ ((weak, alias ("Default_Handler")));
      |      ^~~~~~~~~~~~~~~~~~~~~
libDaisy/core/startup_stm32h750xx.c:1560:39: note: 'MDIOS_WKUP_IRQHandler' target declared here
 1560 | void __attribute__((naked, noreturn)) Default_Handler()
      |                                       ^~~~~~~~~~~~~~~
libDaisy/core/startup_stm32h750xx.c:1329:6: warning: 'TIM17_IRQHandler' specifies less restrictive attribute than its target 'Default_Handler': 'noreturn' [-Wmissing-attributes]
 1329 | void TIM17_IRQHandler()               __attribute__ ((weak, alias ("Default_Handler")));
      |      ^~~~~~~~~~~~~~~~
libDaisy/core/startup_stm32h750xx.c:1560:39: note: 'TIM17_IRQHandler' target declared here
 1560 | void __attribute__((naked, noreturn)) Default_Handler()
      |                                       ^~~~~~~~~~~~~~~
libDaisy/core/startup_stm32h750xx.c:1328:6: warning: 'TIM16_IRQHandler' specifies less restrictive attribute than its target 'Default_Handler': 'noreturn' [-Wmissing-attributes]
 1328 | void TIM16_IRQHandler()               __attribute__ ((weak, alias ("Default_Handler")));
      |      ^~~~~~~~~~~~~~~~
libDaisy/core/startup_stm32h750xx.c:1560:39: note: 'TIM16_IRQHandler' target declared here
 1560 | void __attribute__((naked, noreturn)) Default_Handler()
      |                                       ^~~~~~~~~~~~~~~
libDaisy/core/startup_stm32h750xx.c:1327:6: warning: 'TIM15_IRQHandler' specifies less restrictive attribute than its target 'Default_Handler': 'noreturn' [-Wmissing-attributes]
 1327 | void TIM15_IRQHandler()               __attribute__ ((weak, alias ("Default_Handler")));
      |      ^~~~~~~~~~~~~~~~
libDaisy/core/startup_stm32h750xx.c:1560:39: note: 'TIM15_IRQHandler' target declared here
 1560 | void __attribute__((naked, noreturn)) Default_Handler()
      |                                       ^~~~~~~~~~~~~~~
libDaisy/core/startup_stm32h750xx.c:1326:6: warning: 'SWPMI1_IRQHandler' specifies less restrictive attribute than its target 'Default_Handler': 'noreturn' [-Wmissing-attributes]
 1326 | void SWPMI1_IRQHandler()              __attribute__ ((weak, alias ("Default_Handler")));
      |      ^~~~~~~~~~~~~~~~~
libDaisy/core/startup_stm32h750xx.c:1560:39: note: 'SWPMI1_IRQHandler' target declared here
 1560 | void __attribute__((naked, noreturn)) Default_Handler()
      |                                       ^~~~~~~~~~~~~~~
libDaisy/core/startup_stm32h750xx.c:1325:6: warning: 'SAI3_IRQHandler' specifies less restrictive attribute than its target 'Default_Handler': 'noreturn' [-Wmissing-attributes]
 1325 | void SAI3_IRQHandler()                __attribute__ ((weak, alias ("Default_Handler")));
      |      ^~~~~~~~~~~~~~~
libDaisy/core/startup_stm32h750xx.c:1560:39: note: 'SAI3_IRQHandler' target declared here
 1560 | void __attribute__((naked, noreturn)) Default_Handler()
      |                                       ^~~~~~~~~~~~~~~
libDaisy/core/startup_stm32h750xx.c:1324:6: warning: 'DFSDM1_FLT3_IRQHandler' specifies less restrictive attribute than its target 'Default_Handler': 'noreturn' [-Wmissing-attributes]
 1324 | void DFSDM1_FLT3_IRQHandler()         __attribute__ ((weak, alias ("Default_Handler")));
      |      ^~~~~~~~~~~~~~~~~~~~~~
libDaisy/core/startup_stm32h750xx.c:1560:39: note: 'DFSDM1_FLT3_IRQHandler' target declared here
 1560 | void __attribute__((naked, noreturn)) Default_Handler()
      |                                       ^~~~~~~~~~~~~~~
libDaisy/core/startup_stm32h750xx.c:1323:6: warning: 'DFSDM1_FLT2_IRQHandler' specifies less restrictive attribute than its target 'Default_Handler': 'noreturn' [-Wmissing-attributes]
 1323 | void DFSDM1_FLT2_IRQHandler()         __attribute__ ((weak, alias ("Default_Handler")));
      |      ^~~~~~~~~~~~~~~~~~~~~~
libDaisy/core/startup_stm32h750xx.c:1560:39: note: 'DFSDM1_FLT2_IRQHandler' target declared here
 1560 | void __attribute__((naked, noreturn)) Default_Handler()
      |                                       ^~~~~~~~~~~~~~~
libDaisy/core/startup_stm32h750xx.c:1322:6: warning: 'DFSDM1_FLT1_IRQHandler' specifies less restrictive attribute than its target 'Default_Handler': 'noreturn' [-Wmissing-attributes]
 1322 | void DFSDM1_FLT1_IRQHandler()         __attribute__ ((weak, alias ("Default_Handler")));
      |      ^~~~~~~~~~~~~~~~~~~~~~
libDaisy/core/startup_stm32h750xx.c:1560:39: note: 'DFSDM1_FLT1_IRQHandler' target declared here
 1560 | void __attribute__((naked, noreturn)) Default_Handler()
      |                                       ^~~~~~~~~~~~~~~
libDaisy/core/startup_stm32h750xx.c:1321:6: warning: 'DFSDM1_FLT0_IRQHandler' specifies less restrictive attribute than its target 'Default_Handler': 'noreturn' [-Wmissing-attributes]
 1321 | void DFSDM1_FLT0_IRQHandler()         __attribute__ ((weak, alias ("Default_Handler")));
      |      ^~~~~~~~~~~~~~~~~~~~~~
libDaisy/core/startup_stm32h750xx.c:1560:39: note: 'DFSDM1_FLT0_IRQHandler' target declared here
 1560 | void __attribute__((naked, noreturn)) Default_Handler()
      |                                       ^~~~~~~~~~~~~~~
libDaisy/core/startup_stm32h750xx.c:1320:6: warning: 'HRTIM1_FLT_IRQHandler' specifies less restrictive attribute than its target 'Default_Handler': 'noreturn' [-Wmissing-attributes]
 1320 | void HRTIM1_FLT_IRQHandler()          __attribute__ ((weak, alias ("Default_Handler")));
      |      ^~~~~~~~~~~~~~~~~~~~~
libDaisy/core/startup_stm32h750xx.c:1560:39: note: 'HRTIM1_FLT_IRQHandler' target declared here
 1560 | void __attribute__((naked, noreturn)) Default_Handler()
      |                                       ^~~~~~~~~~~~~~~
libDaisy/core/startup_stm32h750xx.c:1319:6: warning: 'HRTIM1_TIME_IRQHandler' specifies less restrictive attribute than its target 'Default_Handler': 'noreturn' [-Wmissing-attributes]
 1319 | void HRTIM1_TIME_IRQHandler()         __attribute__ ((weak, alias ("Default_Handler")));
      |      ^~~~~~~~~~~~~~~~~~~~~~
libDaisy/core/startup_stm32h750xx.c:1560:39: note: 'HRTIM1_TIME_IRQHandler' target declared here
 1560 | void __attribute__((naked, noreturn)) Default_Handler()
      |                                       ^~~~~~~~~~~~~~~
libDaisy/core/startup_stm32h750xx.c:1318:6: warning: 'HRTIM1_TIMD_IRQHandler' specifies less restrictive attribute than its target 'Default_Handler': 'noreturn' [-Wmissing-attributes]
 1318 | void HRTIM1_TIMD_IRQHandler()         __attribute__ ((weak, alias ("Default_Handler")));
      |      ^~~~~~~~~~~~~~~~~~~~~~
libDaisy/core/startup_stm32h750xx.c:1560:39: note: 'HRTIM1_TIMD_IRQHandler' target declared here
 1560 | void __attribute__((naked, noreturn)) Default_Handler()
      |                                       ^~~~~~~~~~~~~~~
libDaisy/core/startup_stm32h750xx.c:1317:6: warning: 'HRTIM1_TIMC_IRQHandler' specifies less restrictive attribute than its target 'Default_Handler': 'noreturn' [-Wmissing-attributes]
 1317 | void HRTIM1_TIMC_IRQHandler()         __attribute__ ((weak, alias ("Default_Handler")));
      |      ^~~~~~~~~~~~~~~~~~~~~~
libDaisy/core/startup_stm32h750xx.c:1560:39: note: 'HRTIM1_TIMC_IRQHandler' target declared here
 1560 | void __attribute__((naked, noreturn)) Default_Handler()
      |                                       ^~~~~~~~~~~~~~~
libDaisy/core/startup_stm32h750xx.c:1316:6: warning: 'HRTIM1_TIMB_IRQHandler' specifies less restrictive attribute than its target 'Default_Handler': 'noreturn' [-Wmissing-attributes]
 1316 | void HRTIM1_TIMB_IRQHandler()         __attribute__ ((weak, alias ("Default_Handler")));
      |      ^~~~~~~~~~~~~~~~~~~~~~
libDaisy/core/startup_stm32h750xx.c:1560:39: note: 'HRTIM1_TIMB_IRQHandler' target declared here
 1560 | void __attribute__((naked, noreturn)) Default_Handler()
      |                                       ^~~~~~~~~~~~~~~
libDaisy/core/startup_stm32h750xx.c:1315:6: warning: 'HRTIM1_TIMA_IRQHandler' specifies less restrictive attribute than its target 'Default_Handler': 'noreturn' [-Wmissing-attributes]
 1315 | void HRTIM1_TIMA_IRQHandler()         __attribute__ ((weak, alias ("Default_Handler")));
      |      ^~~~~~~~~~~~~~~~~~~~~~
libDaisy/core/startup_stm32h750xx.c:1560:39: note: 'HRTIM1_TIMA_IRQHandler' target declared here
 1560 | void __attribute__((naked, noreturn)) Default_Handler()
      |                                       ^~~~~~~~~~~~~~~
libDaisy/core/startup_stm32h750xx.c:1314:6: warning: 'HRTIM1_Master_IRQHandler' specifies less restrictive attribute than its target 'Default_Handler': 'noreturn' [-Wmissing-attributes]
 1314 | void HRTIM1_Master_IRQHandler()       __attribute__ ((weak, alias ("Default_Handler")));
      |      ^~~~~~~~~~~~~~~~~~~~~~~~
libDaisy/core/startup_stm32h750xx.c:1560:39: note: 'HRTIM1_Master_IRQHandler' target declared here
 1560 | void __attribute__((naked, noreturn)) Default_Handler()
      |                                       ^~~~~~~~~~~~~~~
libDaisy/core/startup_stm32h750xx.c:1313:6: warning: 'DMAMUX1_OVR_IRQHandler' specifies less restrictive attribute than its target 'Default_Handler': 'noreturn' [-Wmissing-attributes]
 1313 | void DMAMUX1_OVR_IRQHandler()         __attribute__ ((weak, alias ("Default_Handler")));
      |      ^~~~~~~~~~~~~~~~~~~~~~
libDaisy/core/startup_stm32h750xx.c:1560:39: note: 'DMAMUX1_OVR_IRQHandler' target declared here
 1560 | void __attribute__((naked, noreturn)) Default_Handler()
      |                                       ^~~~~~~~~~~~~~~
libDaisy/core/startup_stm32h750xx.c:1312:6: warning: 'OTG_FS_IRQHandler' specifies less restrictive attribute than its target 'Default_Handler': 'noreturn' [-Wmissing-attributes]
 1312 | void OTG_FS_IRQHandler()              __attribute__ ((weak, alias ("Default_Handler")));
      |      ^~~~~~~~~~~~~~~~~
libDaisy/core/startup_stm32h750xx.c:1560:39: note: 'OTG_FS_IRQHandler' target declared here
 1560 | void __attribute__((naked, noreturn)) Default_Handler()
      |                                       ^~~~~~~~~~~~~~~
libDaisy/core/startup_stm32h750xx.c:1311:6: warning: 'OTG_FS_WKUP_IRQHandler' specifies less restrictive attribute than its target 'Default_Handler': 'noreturn' [-Wmissing-attributes]
 1311 | void OTG_FS_WKUP_IRQHandler()         __attribute__ ((weak, alias ("Default_Handler")));
      |      ^~~~~~~~~~~~~~~~~~~~~~
libDaisy/core/startup_stm32h750xx.c:1560:39: note: 'OTG_FS_WKUP_IRQHandler' target declared here
 1560 | void __attribute__((naked, noreturn)) Default_Handler()
      |                                       ^~~~~~~~~~~~~~~
libDaisy/core/startup_stm32h750xx.c:1310:6: warning: 'OTG_FS_EP1_IN_IRQHandler' specifies less restrictive attribute than its target 'Default_Handler': 'noreturn' [-Wmissing-attributes]
 1310 | void OTG_FS_EP1_IN_IRQHandler()       __attribute__ ((weak, alias ("Default_Handler")));
      |      ^~~~~~~~~~~~~~~~~~~~~~~~
libDaisy/core/startup_stm32h750xx.c:1560:39: note: 'OTG_FS_EP1_IN_IRQHandler' target declared here
 1560 | void __attribute__((naked, noreturn)) Default_Handler()
      |                                       ^~~~~~~~~~~~~~~
libDaisy/core/startup_stm32h750xx.c:1309:6: warning: 'OTG_FS_EP1_OUT_IRQHandler' specifies less restrictive attribute than its target 'Default_Handler': 'noreturn' [-Wmissing-attributes]
 1309 | void OTG_FS_EP1_OUT_IRQHandler()      __attribute__ ((weak, alias ("Default_Handler")));
      |      ^~~~~~~~~~~~~~~~~~~~~~~~~
libDaisy/core/startup_stm32h750xx.c:1560:39: note: 'OTG_FS_EP1_OUT_IRQHandler' target declared here
 1560 | void __attribute__((naked, noreturn)) Default_Handler()
      |                                       ^~~~~~~~~~~~~~~
libDaisy/core/startup_stm32h750xx.c:1308:6: warning: 'SPDIF_RX_IRQHandler' specifies less restrictive attribute than its target 'Default_Handler': 'noreturn' [-Wmissing-attributes]
 1308 | void SPDIF_RX_IRQHandler()            __attribute__ ((weak, alias ("Default_Handler")));
      |      ^~~~~~~~~~~~~~~~~~~
libDaisy/core/startup_stm32h750xx.c:1560:39: note: 'SPDIF_RX_IRQHandler' target declared here
 1560 | void __attribute__((naked, noreturn)) Default_Handler()
      |                                       ^~~~~~~~~~~~~~~
libDaisy/core/startup_stm32h750xx.c:1307:6: warning: 'I2C4_ER_IRQHandler' specifies less restrictive attribute than its target 'Default_Handler': 'noreturn' [-Wmissing-attributes]
 1307 | void I2C4_ER_IRQHandler()             __attribute__ ((weak, alias ("Default_Handler")));
      |      ^~~~~~~~~~~~~~~~~~
libDaisy/core/startup_stm32h750xx.c:1560:39: note: 'I2C4_ER_IRQHandler' target declared here
 1560 | void __attribute__((naked, noreturn)) Default_Handler()
      |                                       ^~~~~~~~~~~~~~~
libDaisy/core/startup_stm32h750xx.c:1306:6: warning: 'I2C4_EV_IRQHandler' specifies less restrictive attribute than its target 'Default_Handler': 'noreturn' [-Wmissing-attributes]
 1306 | void I2C4_EV_IRQHandler()             __attribute__ ((weak, alias ("Default_Handler")));
      |      ^~~~~~~~~~~~~~~~~~
libDaisy/core/startup_stm32h750xx.c:1560:39: note: 'I2C4_EV_IRQHandler' target declared here
 1560 | void __attribute__((naked, noreturn)) Default_Handler()
      |                                       ^~~~~~~~~~~~~~~
libDaisy/core/startup_stm32h750xx.c:1305:6: warning: 'CEC_IRQHandler' specifies less restrictive attribute than its target 'Default_Handler': 'noreturn' [-Wmissing-attributes]
 1305 | void CEC_IRQHandler()                 __attribute__ ((weak, alias ("Default_Handler")));
      |      ^~~~~~~~~~~~~~
libDaisy/core/startup_stm32h750xx.c:1560:39: note: 'CEC_IRQHandler' target declared here
 1560 | void __attribute__((naked, noreturn)) Default_Handler()
      |                                       ^~~~~~~~~~~~~~~
libDaisy/core/startup_stm32h750xx.c:1304:6: warning: 'LPTIM1_IRQHandler' specifies less restrictive attribute than its target 'Default_Handler': 'noreturn' [-Wmissing-attributes]
 1304 | void LPTIM1_IRQHandler()              __attribute__ ((weak, alias ("Default_Handler")));
      |      ^~~~~~~~~~~~~~~~~
libDaisy/core/startup_stm32h750xx.c:1560:39: note: 'LPTIM1_IRQHandler' target declared here
 1560 | void __attribute__((naked, noreturn)) Default_Handler()
      |                                       ^~~~~~~~~~~~~~~
libDaisy/core/startup_stm32h750xx.c:1303:6: warning: 'QUADSPI_IRQHandler' specifies less restrictive attribute than its target 'Default_Handler': 'noreturn' [-Wmissing-attributes]
 1303 | void QUADSPI_IRQHandler()             __attribute__ ((weak, alias ("Default_Handler")));
      |      ^~~~~~~~~~~~~~~~~~
libDaisy/core/startup_stm32h750xx.c:1560:39: note: 'QUADSPI_IRQHandler' target declared here
 1560 | void __attribute__((naked, noreturn)) Default_Handler()
      |                                       ^~~~~~~~~~~~~~~
libDaisy/core/startup_stm32h750xx.c:1302:6: warning: 'SAI2_IRQHandler' specifies less restrictive attribute than its target 'Default_Handler': 'noreturn' [-Wmissing-attributes]
 1302 | void SAI2_IRQHandler()                __attribute__ ((weak, alias ("Default_Handler")));
      |      ^~~~~~~~~~~~~~~
libDaisy/core/startup_stm32h750xx.c:1560:39: note: 'SAI2_IRQHandler' target declared here
 1560 | void __attribute__((naked, noreturn)) Default_Handler()
      |                                       ^~~~~~~~~~~~~~~
libDaisy/core/startup_stm32h750xx.c:1301:6: warning: 'DMA2D_IRQHandler' specifies less restrictive attribute than its target 'Default_Handler': 'noreturn' [-Wmissing-attributes]
 1301 | void DMA2D_IRQHandler()               __attribute__ ((weak, alias ("Default_Handler")));
      |      ^~~~~~~~~~~~~~~~
libDaisy/core/startup_stm32h750xx.c:1560:39: note: 'DMA2D_IRQHandler' target declared here
 1560 | void __attribute__((naked, noreturn)) Default_Handler()
      |                                       ^~~~~~~~~~~~~~~
libDaisy/core/startup_stm32h750xx.c:1300:6: warning: 'LTDC_ER_IRQHandler' specifies less restrictive attribute than its target 'Default_Handler': 'noreturn' [-Wmissing-attributes]
 1300 | void LTDC_ER_IRQHandler()             __attribute__ ((weak, alias ("Default_Handler")));
      |      ^~~~~~~~~~~~~~~~~~
libDaisy/core/startup_stm32h750xx.c:1560:39: note: 'LTDC_ER_IRQHandler' target declared here
 1560 | void __attribute__((naked, noreturn)) Default_Handler()
      |                                       ^~~~~~~~~~~~~~~
libDaisy/core/startup_stm32h750xx.c:1299:6: warning: 'LTDC_IRQHandler' specifies less restrictive attribute than its target 'Default_Handler': 'noreturn' [-Wmissing-attributes]
 1299 | void LTDC_IRQHandler()                __attribute__ ((weak, alias ("Default_Handler")));
      |      ^~~~~~~~~~~~~~~
libDaisy/core/startup_stm32h750xx.c:1560:39: note: 'LTDC_IRQHandler' target declared here
 1560 | void __attribute__((naked, noreturn)) Default_Handler()
      |                                       ^~~~~~~~~~~~~~~
libDaisy/core/startup_stm32h750xx.c:1298:6: warning: 'SAI1_IRQHandler' specifies less restrictive attribute than its target 'Default_Handler': 'noreturn' [-Wmissing-attributes]
 1298 | void SAI1_IRQHandler()                __attribute__ ((weak, alias ("Default_Handler")));
      |      ^~~~~~~~~~~~~~~
libDaisy/core/startup_stm32h750xx.c:1560:39: note: 'SAI1_IRQHandler' target declared here
 1560 | void __attribute__((naked, noreturn)) Default_Handler()
      |                                       ^~~~~~~~~~~~~~~
libDaisy/core/startup_stm32h750xx.c:1297:6: warning: 'SPI6_IRQHandler' specifies less restrictive attribute than its target 'Default_Handler': 'noreturn' [-Wmissing-attributes]
 1297 | void SPI6_IRQHandler()                __attribute__ ((weak, alias ("Default_Handler")));
      |      ^~~~~~~~~~~~~~~
libDaisy/core/startup_stm32h750xx.c:1560:39: note: 'SPI6_IRQHandler' target declared here
 1560 | void __attribute__((naked, noreturn)) Default_Handler()
      |                                       ^~~~~~~~~~~~~~~
libDaisy/core/startup_stm32h750xx.c:1296:6: warning: 'SPI5_IRQHandler' specifies less restrictive attribute than its target 'Default_Handler': 'noreturn' [-Wmissing-attributes]
 1296 | void SPI5_IRQHandler()                __attribute__ ((weak, alias ("Default_Handler")));
      |      ^~~~~~~~~~~~~~~
libDaisy/core/startup_stm32h750xx.c:1560:39: note: 'SPI5_IRQHandler' target declared here
 1560 | void __attribute__((naked, noreturn)) Default_Handler()
      |                                       ^~~~~~~~~~~~~~~
libDaisy/core/startup_stm32h750xx.c:1295:6: warning: 'SPI4_IRQHandler' specifies less restrictive attribute than its target 'Default_Handler': 'noreturn' [-Wmissing-attributes]
 1295 | void SPI4_IRQHandler()                __attribute__ ((weak, alias ("Default_Handler")));
      |      ^~~~~~~~~~~~~~~
libDaisy/core/startup_stm32h750xx.c:1560:39: note: 'SPI4_IRQHandler' target declared here
 1560 | void __attribute__((naked, noreturn)) Default_Handler()
      |                                       ^~~~~~~~~~~~~~~
libDaisy/core/startup_stm32h750xx.c:1294:6: warning: 'UART8_IRQHandler' specifies less restrictive attribute than its target 'Default_Handler': 'noreturn' [-Wmissing-attributes]
 1294 | void UART8_IRQHandler()               __attribute__ ((weak, alias ("Default_Handler")));
      |      ^~~~~~~~~~~~~~~~
libDaisy/core/startup_stm32h750xx.c:1560:39: note: 'UART8_IRQHandler' target declared here
 1560 | void __attribute__((naked, noreturn)) Default_Handler()
      |                                       ^~~~~~~~~~~~~~~
libDaisy/core/startup_stm32h750xx.c:1293:6: warning: 'UART7_IRQHandler' specifies less restrictive attribute than its target 'Default_Handler': 'noreturn' [-Wmissing-attributes]
 1293 | void UART7_IRQHandler()               __attribute__ ((weak, alias ("Default_Handler")));
      |      ^~~~~~~~~~~~~~~~
libDaisy/core/startup_stm32h750xx.c:1560:39: note: 'UART7_IRQHandler' target declared here
 1560 | void __attribute__((naked, noreturn)) Default_Handler()
      |                                       ^~~~~~~~~~~~~~~
libDaisy/core/startup_stm32h750xx.c:1292:6: warning: 'FPU_IRQHandler' specifies less restrictive attribute than its target 'Default_Handler': 'noreturn' [-Wmissing-attributes]
 1292 | void FPU_IRQHandler()                 __attribute__ ((weak, alias ("Default_Handler")));
      |      ^~~~~~~~~~~~~~
libDaisy/core/startup_stm32h750xx.c:1560:39: note: 'FPU_IRQHandler' target declared here
 1560 | void __attribute__((naked, noreturn)) Default_Handler()
      |                                       ^~~~~~~~~~~~~~~
libDaisy/core/startup_stm32h750xx.c:1291:6: warning: 'HASH_RNG_IRQHandler' specifies less restrictive attribute than its target 'Default_Handler': 'noreturn' [-Wmissing-attributes]
 1291 | void HASH_RNG_IRQHandler()            __attribute__ ((weak, alias ("Default_Handler")));
      |      ^~~~~~~~~~~~~~~~~~~
libDaisy/core/startup_stm32h750xx.c:1560:39: note: 'HASH_RNG_IRQHandler' target declared here
 1560 | void __attribute__((naked, noreturn)) Default_Handler()
      |                                       ^~~~~~~~~~~~~~~
libDaisy/core/startup_stm32h750xx.c:1290:6: warning: 'CRYP_IRQHandler' specifies less restrictive attribute than its target 'Default_Handler': 'noreturn' [-Wmissing-attributes]
 1290 | void CRYP_IRQHandler()                __attribute__ ((weak, alias ("Default_Handler")));
      |      ^~~~~~~~~~~~~~~
libDaisy/core/startup_stm32h750xx.c:1560:39: note: 'CRYP_IRQHandler' target declared here
 1560 | void __attribute__((naked, noreturn)) Default_Handler()
      |                                       ^~~~~~~~~~~~~~~
libDaisy/core/startup_stm32h750xx.c:1289:6: warning: 'DCMI_IRQHandler' specifies less restrictive attribute than its target 'Default_Handler': 'noreturn' [-Wmissing-attributes]
 1289 | void DCMI_IRQHandler()                __attribute__ ((weak, alias ("Default_Handler")));
      |      ^~~~~~~~~~~~~~~
libDaisy/core/startup_stm32h750xx.c:1560:39: note: 'DCMI_IRQHandler' target declared here
 1560 | void __attribute__((naked, noreturn)) Default_Handler()
      |                                       ^~~~~~~~~~~~~~~
libDaisy/core/startup_stm32h750xx.c:1288:6: warning: 'OTG_HS_IRQHandler' specifies less restrictive attribute than its target 'Default_Handler': 'noreturn' [-Wmissing-attributes]
 1288 | void OTG_HS_IRQHandler()              __attribute__ ((weak, alias ("Default_Handler")));
      |      ^~~~~~~~~~~~~~~~~
libDaisy/core/startup_stm32h750xx.c:1560:39: note: 'OTG_HS_IRQHandler' target declared here
 1560 | void __attribute__((naked, noreturn)) Default_Handler()
      |                                       ^~~~~~~~~~~~~~~
libDaisy/core/startup_stm32h750xx.c:1287:6: warning: 'OTG_HS_WKUP_IRQHandler' specifies less restrictive attribute than its target 'Default_Handler': 'noreturn' [-Wmissing-attributes]
 1287 | void OTG_HS_WKUP_IRQHandler()         __attribute__ ((weak, alias ("Default_Handler")));
      |      ^~~~~~~~~~~~~~~~~~~~~~
libDaisy/core/startup_stm32h750xx.c:1560:39: note: 'OTG_HS_WKUP_IRQHandler' target declared here
 1560 | void __attribute__((naked, noreturn)) Default_Handler()
      |                                       ^~~~~~~~~~~~~~~
libDaisy/core/startup_stm32h750xx.c:1286:6: warning: 'OTG_HS_EP1_IN_IRQHandler' specifies less restrictive attribute than its target 'Default_Handler': 'noreturn' [-Wmissing-attributes]
 1286 | void OTG_HS_EP1_IN_IRQHandler()       __attribute__ ((weak, alias ("Default_Handler")));
      |      ^~~~~~~~~~~~~~~~~~~~~~~~
libDaisy/core/startup_stm32h750xx.c:1560:39: note: 'OTG_HS_EP1_IN_IRQHandler' target declared here
 1560 | void __attribute__((naked, noreturn)) Default_Handler()
      |                                       ^~~~~~~~~~~~~~~
libDaisy/core/startup_stm32h750xx.c:1285:6: warning: 'OTG_HS_EP1_OUT_IRQHandler' specifies less restrictive attribute than its target 'Default_Handler': 'noreturn' [-Wmissing-attributes]
 1285 | void OTG_HS_EP1_OUT_IRQHandler()      __attribute__ ((weak, alias ("Default_Handler")));
      |      ^~~~~~~~~~~~~~~~~~~~~~~~~
libDaisy/core/startup_stm32h750xx.c:1560:39: note: 'OTG_HS_EP1_OUT_IRQHandler' target declared here
 1560 | void __attribute__((naked, noreturn)) Default_Handler()
      |                                       ^~~~~~~~~~~~~~~
libDaisy/core/startup_stm32h750xx.c:1284:6: warning: 'I2C3_ER_IRQHandler' specifies less restrictive attribute than its target 'Default_Handler': 'noreturn' [-Wmissing-attributes]
 1284 | void I2C3_ER_IRQHandler()             __attribute__ ((weak, alias ("Default_Handler")));
      |      ^~~~~~~~~~~~~~~~~~
libDaisy/core/startup_stm32h750xx.c:1560:39: note: 'I2C3_ER_IRQHandler' target declared here
 1560 | void __attribute__((naked, noreturn)) Default_Handler()
      |                                       ^~~~~~~~~~~~~~~
libDaisy/core/startup_stm32h750xx.c:1283:6: warning: 'I2C3_EV_IRQHandler' specifies less restrictive attribute than its target 'Default_Handler': 'noreturn' [-Wmissing-attributes]
 1283 | void I2C3_EV_IRQHandler()             __attribute__ ((weak, alias ("Default_Handler")));
      |      ^~~~~~~~~~~~~~~~~~
libDaisy/core/startup_stm32h750xx.c:1560:39: note: 'I2C3_EV_IRQHandler' target declared here
 1560 | void __attribute__((naked, noreturn)) Default_Handler()
      |                                       ^~~~~~~~~~~~~~~
libDaisy/core/startup_stm32h750xx.c:1282:6: warning: 'USART6_IRQHandler' specifies less restrictive attribute than its target 'Default_Handler': 'noreturn' [-Wmissing-attributes]
 1282 | void USART6_IRQHandler()              __attribute__ ((weak, alias ("Default_Handler")));
      |      ^~~~~~~~~~~~~~~~~
libDaisy/core/startup_stm32h750xx.c:1560:39: note: 'USART6_IRQHandler' target declared here
 1560 | void __attribute__((naked, noreturn)) Default_Handler()
      |                                       ^~~~~~~~~~~~~~~
libDaisy/core/startup_stm32h750xx.c:1281:6: warning: 'DMA2_Stream7_IRQHandler' specifies less restrictive attribute than its target 'Default_Handler': 'noreturn' [-Wmissing-attributes]
 1281 | void DMA2_Stream7_IRQHandler()        __attribute__ ((weak, alias ("Default_Handler")));
      |      ^~~~~~~~~~~~~~~~~~~~~~~
libDaisy/core/startup_stm32h750xx.c:1560:39: note: 'DMA2_Stream7_IRQHandler' target declared here
 1560 | void __attribute__((naked, noreturn)) Default_Handler()
      |                                       ^~~~~~~~~~~~~~~
libDaisy/core/startup_stm32h750xx.c:1280:6: warning: 'DMA2_Stream6_IRQHandler' specifies less restrictive attribute than its target 'Default_Handler': 'noreturn' [-Wmissing-attributes]
 1280 | void DMA2_Stream6_IRQHandler()        __attribute__ ((weak, alias ("Default_Handler")));
      |      ^~~~~~~~~~~~~~~~~~~~~~~
libDaisy/core/startup_stm32h750xx.c:1560:39: note: 'DMA2_Stream6_IRQHandler' target declared here
 1560 | void __attribute__((naked, noreturn)) Default_Handler()
      |                                       ^~~~~~~~~~~~~~~
libDaisy/core/startup_stm32h750xx.c:1279:6: warning: 'DMA2_Stream5_IRQHandler' specifies less restrictive attribute than its target 'Default_Handler': 'noreturn' [-Wmissing-attributes]
 1279 | void DMA2_Stream5_IRQHandler()        __attribute__ ((weak, alias ("Default_Handler")));
      |      ^~~~~~~~~~~~~~~~~~~~~~~
libDaisy/core/startup_stm32h750xx.c:1560:39: note: 'DMA2_Stream5_IRQHandler' target declared here
 1560 | void __attribute__((naked, noreturn)) Default_Handler()
      |                                       ^~~~~~~~~~~~~~~
libDaisy/core/startup_stm32h750xx.c:1278:6: warning: 'FDCAN_CAL_IRQHandler' specifies less restrictive attribute than its target 'Default_Handler': 'noreturn' [-Wmissing-attributes]
 1278 | void FDCAN_CAL_IRQHandler()           __attribute__ ((weak, alias ("Default_Handler")));
      |      ^~~~~~~~~~~~~~~~~~~~
libDaisy/core/startup_stm32h750xx.c:1560:39: note: 'FDCAN_CAL_IRQHandler' target declared here
 1560 | void __attribute__((naked, noreturn)) Default_Handler()
      |                                       ^~~~~~~~~~~~~~~
libDaisy/core/startup_stm32h750xx.c:1277:6: warning: 'ETH_WKUP_IRQHandler' specifies less restrictive attribute than its target 'Default_Handler': 'noreturn' [-Wmissing-attributes]
 1277 | void ETH_WKUP_IRQHandler()            __attribute__ ((weak, alias ("Default_Handler")));
      |      ^~~~~~~~~~~~~~~~~~~
libDaisy/core/startup_stm32h750xx.c:1560:39: note: 'ETH_WKUP_IRQHandler' target declared here
 1560 | void __attribute__((naked, noreturn)) Default_Handler()
      |                                       ^~~~~~~~~~~~~~~
libDaisy/core/startup_stm32h750xx.c:1276:6: warning: 'ETH_IRQHandler' specifies less restrictive attribute than its target 'Default_Handler': 'noreturn' [-Wmissing-attributes]
 1276 | void ETH_IRQHandler()                 __attribute__ ((weak, alias ("Default_Handler")));
      |      ^~~~~~~~~~~~~~
libDaisy/core/startup_stm32h750xx.c:1560:39: note: 'ETH_IRQHandler' target declared here
 1560 | void __attribute__((naked, noreturn)) Default_Handler()
      |                                       ^~~~~~~~~~~~~~~
libDaisy/core/startup_stm32h750xx.c:1275:6: warning: 'DMA2_Stream4_IRQHandler' specifies less restrictive attribute than its target 'Default_Handler': 'noreturn' [-Wmissing-attributes]
 1275 | void DMA2_Stream4_IRQHandler()        __attribute__ ((weak, alias ("Default_Handler")));
      |      ^~~~~~~~~~~~~~~~~~~~~~~
libDaisy/core/startup_stm32h750xx.c:1560:39: note: 'DMA2_Stream4_IRQHandler' target declared here
 1560 | void __attribute__((naked, noreturn)) Default_Handler()
      |                                       ^~~~~~~~~~~~~~~
libDaisy/core/startup_stm32h750xx.c:1274:6: warning: 'DMA2_Stream3_IRQHandler' specifies less restrictive attribute than its target 'Default_Handler': 'noreturn' [-Wmissing-attributes]
 1274 | void DMA2_Stream3_IRQHandler()        __attribute__ ((weak, alias ("Default_Handler")));
      |      ^~~~~~~~~~~~~~~~~~~~~~~
libDaisy/core/startup_stm32h750xx.c:1560:39: note: 'DMA2_Stream3_IRQHandler' target declared here
 1560 | void __attribute__((naked, noreturn)) Default_Handler()
      |                                       ^~~~~~~~~~~~~~~
libDaisy/core/startup_stm32h750xx.c:1273:6: warning: 'DMA2_Stream2_IRQHandler' specifies less restrictive attribute than its target 'Default_Handler': 'noreturn' [-Wmissing-attributes]
 1273 | void DMA2_Stream2_IRQHandler()        __attribute__ ((weak, alias ("Default_Handler")));
      |      ^~~~~~~~~~~~~~~~~~~~~~~
libDaisy/core/startup_stm32h750xx.c:1560:39: note: 'DMA2_Stream2_IRQHandler' target declared here
 1560 | void __attribute__((naked, noreturn)) Default_Handler()
      |                                       ^~~~~~~~~~~~~~~
libDaisy/core/startup_stm32h750xx.c:1272:6: warning: 'DMA2_Stream1_IRQHandler' specifies less restrictive attribute than its target 'Default_Handler': 'noreturn' [-Wmissing-attributes]
 1272 | void DMA2_Stream1_IRQHandler()        __attribute__ ((weak, alias ("Default_Handler")));
      |      ^~~~~~~~~~~~~~~~~~~~~~~
libDaisy/core/startup_stm32h750xx.c:1560:39: note: 'DMA2_Stream1_IRQHandler' target declared here
 1560 | void __attribute__((naked, noreturn)) Default_Handler()
      |                                       ^~~~~~~~~~~~~~~
libDaisy/core/startup_stm32h750xx.c:1271:6: warning: 'DMA2_Stream0_IRQHandler' specifies less restrictive attribute than its target 'Default_Handler': 'noreturn' [-Wmissing-attributes]
 1271 | void DMA2_Stream0_IRQHandler()        __attribute__ ((weak, alias ("Default_Handler")));
      |      ^~~~~~~~~~~~~~~~~~~~~~~
libDaisy/core/startup_stm32h750xx.c:1560:39: note: 'DMA2_Stream0_IRQHandler' target declared here
 1560 | void __attribute__((naked, noreturn)) Default_Handler()
      |                                       ^~~~~~~~~~~~~~~
libDaisy/core/startup_stm32h750xx.c:1270:6: warning: 'TIM7_IRQHandler' specifies less restrictive attribute than its target 'Default_Handler': 'noreturn' [-Wmissing-attributes]
 1270 | void TIM7_IRQHandler()                __attribute__ ((weak, alias ("Default_Handler")));
      |      ^~~~~~~~~~~~~~~
libDaisy/core/startup_stm32h750xx.c:1560:39: note: 'TIM7_IRQHandler' target declared here
 1560 | void __attribute__((naked, noreturn)) Default_Handler()
      |                                       ^~~~~~~~~~~~~~~
libDaisy/core/startup_stm32h750xx.c:1269:6: warning: 'TIM6_DAC_IRQHandler' specifies less restrictive attribute than its target 'Default_Handler': 'noreturn' [-Wmissing-attributes]
 1269 | void TIM6_DAC_IRQHandler()            __attribute__ ((weak, alias ("Default_Handler")));
      |      ^~~~~~~~~~~~~~~~~~~
libDaisy/core/startup_stm32h750xx.c:1560:39: note: 'TIM6_DAC_IRQHandler' target declared here
 1560 | void __attribute__((naked, noreturn)) Default_Handler()
      |                                       ^~~~~~~~~~~~~~~
libDaisy/core/startup_stm32h750xx.c:1268:6: warning: 'UART5_IRQHandler' specifies less restrictive attribute than its target 'Default_Handler': 'noreturn' [-Wmissing-attributes]
 1268 | void UART5_IRQHandler()               __attribute__ ((weak, alias ("Default_Handler")));
      |      ^~~~~~~~~~~~~~~~
libDaisy/core/startup_stm32h750xx.c:1560:39: note: 'UART5_IRQHandler' target declared here
 1560 | void __attribute__((naked, noreturn)) Default_Handler()
      |                                       ^~~~~~~~~~~~~~~
libDaisy/core/startup_stm32h750xx.c:1267:6: warning: 'UART4_IRQHandler' specifies less restrictive attribute than its target 'Default_Handler': 'noreturn' [-Wmissing-attributes]
 1267 | void UART4_IRQHandler()               __attribute__ ((weak, alias ("Default_Handler")));
      |      ^~~~~~~~~~~~~~~~
libDaisy/core/startup_stm32h750xx.c:1560:39: note: 'UART4_IRQHandler' target declared here
 1560 | void __attribute__((naked, noreturn)) Default_Handler()
      |                                       ^~~~~~~~~~~~~~~
libDaisy/core/startup_stm32h750xx.c:1266:6: warning: 'SPI3_IRQHandler' specifies less restrictive attribute than its target 'Default_Handler': 'noreturn' [-Wmissing-attributes]
 1266 | void SPI3_IRQHandler()                __attribute__ ((weak, alias ("Default_Handler")));
      |      ^~~~~~~~~~~~~~~
libDaisy/core/startup_stm32h750xx.c:1560:39: note: 'SPI3_IRQHandler' target declared here
 1560 | void __attribute__((naked, noreturn)) Default_Handler()
      |                                       ^~~~~~~~~~~~~~~
libDaisy/core/startup_stm32h750xx.c:1265:6: warning: 'TIM5_IRQHandler' specifies less restrictive attribute than its target 'Default_Handler': 'noreturn' [-Wmissing-attributes]
 1265 | void TIM5_IRQHandler()                __attribute__ ((weak, alias ("Default_Handler")));
      |      ^~~~~~~~~~~~~~~
libDaisy/core/startup_stm32h750xx.c:1560:39: note: 'TIM5_IRQHandler' target declared here
 1560 | void __attribute__((naked, noreturn)) Default_Handler()
      |                                       ^~~~~~~~~~~~~~~
libDaisy/core/startup_stm32h750xx.c:1264:6: warning: 'SDMMC1_IRQHandler' specifies less restrictive attribute than its target 'Default_Handler': 'noreturn' [-Wmissing-attributes]
 1264 | void SDMMC1_IRQHandler()              __attribute__ ((weak, alias ("Default_Handler")));
      |      ^~~~~~~~~~~~~~~~~
libDaisy/core/startup_stm32h750xx.c:1560:39: note: 'SDMMC1_IRQHandler' target declared here
 1560 | void __attribute__((naked, noreturn)) Default_Handler()
      |                                       ^~~~~~~~~~~~~~~
libDaisy/core/startup_stm32h750xx.c:1263:6: warning: 'FMC_IRQHandler' specifies less restrictive attribute than its target 'Default_Handler': 'noreturn' [-Wmissing-attributes]
 1263 | void FMC_IRQHandler()                 __attribute__ ((weak, alias ("Default_Handler")));
      |      ^~~~~~~~~~~~~~
libDaisy/core/startup_stm32h750xx.c:1560:39: note: 'FMC_IRQHandler' target declared here
 1560 | void __attribute__((naked, noreturn)) Default_Handler()
      |                                       ^~~~~~~~~~~~~~~
libDaisy/core/startup_stm32h750xx.c:1262:6: warning: 'DMA1_Stream7_IRQHandler' specifies less restrictive attribute than its target 'Default_Handler': 'noreturn' [-Wmissing-attributes]
 1262 | void DMA1_Stream7_IRQHandler()        __attribute__ ((weak, alias ("Default_Handler")));
      |      ^~~~~~~~~~~~~~~~~~~~~~~
libDaisy/core/startup_stm32h750xx.c:1560:39: note: 'DMA1_Stream7_IRQHandler' target declared here
 1560 | void __attribute__((naked, noreturn)) Default_Handler()
      |                                       ^~~~~~~~~~~~~~~
libDaisy/core/startup_stm32h750xx.c:1261:6: warning: 'TIM8_CC_IRQHandler' specifies less restrictive attribute than its target 'Default_Handler': 'noreturn' [-Wmissing-attributes]
 1261 | void TIM8_CC_IRQHandler()             __attribute__ ((weak, alias ("Default_Handler")));
      |      ^~~~~~~~~~~~~~~~~~
libDaisy/core/startup_stm32h750xx.c:1560:39: note: 'TIM8_CC_IRQHandler' target declared here
 1560 | void __attribute__((naked, noreturn)) Default_Handler()
      |                                       ^~~~~~~~~~~~~~~
libDaisy/core/startup_stm32h750xx.c:1260:6: warning: 'TIM8_TRG_COM_TIM14_IRQHandler' specifies less restrictive attribute than its target 'Default_Handler': 'noreturn' [-Wmissing-attributes]
 1260 | void TIM8_TRG_COM_TIM14_IRQHandler()  __attribute__ ((weak, alias ("Default_Handler")));
      |      ^~~~~~~~~~~~~~~~~~~~~~~~~~~~~
libDaisy/core/startup_stm32h750xx.c:1560:39: note: 'TIM8_TRG_COM_TIM14_IRQHandler' target declared here
 1560 | void __attribute__((naked, noreturn)) Default_Handler()
      |                                       ^~~~~~~~~~~~~~~
libDaisy/core/startup_stm32h750xx.c:1259:6: warning: 'TIM8_UP_TIM13_IRQHandler' specifies less restrictive attribute than its target 'Default_Handler': 'noreturn' [-Wmissing-attributes]
 1259 | void TIM8_UP_TIM13_IRQHandler()       __attribute__ ((weak, alias ("Default_Handler")));
      |      ^~~~~~~~~~~~~~~~~~~~~~~~
libDaisy/core/startup_stm32h750xx.c:1560:39: note: 'TIM8_UP_TIM13_IRQHandler' target declared here
 1560 | void __attribute__((naked, noreturn)) Default_Handler()
      |                                       ^~~~~~~~~~~~~~~
libDaisy/core/startup_stm32h750xx.c:1258:6: warning: 'TIM8_BRK_TIM12_IRQHandler' specifies less restrictive attribute than its target 'Default_Handler': 'noreturn' [-Wmissing-attributes]
 1258 | void TIM8_BRK_TIM12_IRQHandler()      __attribute__ ((weak, alias ("Default_Handler")));
      |      ^~~~~~~~~~~~~~~~~~~~~~~~~
libDaisy/core/startup_stm32h750xx.c:1560:39: note: 'TIM8_BRK_TIM12_IRQHandler' target declared here
 1560 | void __attribute__((naked, noreturn)) Default_Handler()
      |                                       ^~~~~~~~~~~~~~~
libDaisy/core/startup_stm32h750xx.c:1257:6: warning: 'RTC_Alarm_IRQHandler' specifies less restrictive attribute than its target 'Default_Handler': 'noreturn' [-Wmissing-attributes]
 1257 | void RTC_Alarm_IRQHandler()           __attribute__ ((weak, alias ("Default_Handler")));
      |      ^~~~~~~~~~~~~~~~~~~~
libDaisy/core/startup_stm32h750xx.c:1560:39: note: 'RTC_Alarm_IRQHandler' target declared here
 1560 | void __attribute__((naked, noreturn)) Default_Handler()
      |                                       ^~~~~~~~~~~~~~~
libDaisy/core/startup_stm32h750xx.c:1256:6: warning: 'EXTI15_10_IRQHandler' specifies less restrictive attribute than its target 'Default_Handler': 'noreturn' [-Wmissing-attributes]
 1256 | void EXTI15_10_IRQHandler()           __attribute__ ((weak, alias ("Default_Handler")));
      |      ^~~~~~~~~~~~~~~~~~~~
libDaisy/core/startup_stm32h750xx.c:1560:39: note: 'EXTI15_10_IRQHandler' target declared here
 1560 | void __attribute__((naked, noreturn)) Default_Handler()
      |                                       ^~~~~~~~~~~~~~~
libDaisy/core/startup_stm32h750xx.c:1255:6: warning: 'USART3_IRQHandler' specifies less restrictive attribute than its target 'Default_Handler': 'noreturn' [-Wmissing-attributes]
 1255 | void USART3_IRQHandler()              __attribute__ ((weak, alias ("Default_Handler")));
      |      ^~~~~~~~~~~~~~~~~
libDaisy/core/startup_stm32h750xx.c:1560:39: note: 'USART3_IRQHandler' target declared here
 1560 | void __attribute__((naked, noreturn)) Default_Handler()
      |                                       ^~~~~~~~~~~~~~~
libDaisy/core/startup_stm32h750xx.c:1254:6: warning: 'USART2_IRQHandler' specifies less restrictive attribute than its target 'Default_Handler': 'noreturn' [-Wmissing-attributes]
 1254 | void USART2_IRQHandler()              __attribute__ ((weak, alias ("Default_Handler")));
      |      ^~~~~~~~~~~~~~~~~
libDaisy/core/startup_stm32h750xx.c:1560:39: note: 'USART2_IRQHandler' target declared here
 1560 | void __attribute__((naked, noreturn)) Default_Handler()
      |                                       ^~~~~~~~~~~~~~~
libDaisy/core/startup_stm32h750xx.c:1253:6: warning: 'USART1_IRQHandler' specifies less restrictive attribute than its target 'Default_Handler': 'noreturn' [-Wmissing-attributes]
 1253 | void USART1_IRQHandler()              __attribute__ ((weak, alias ("Default_Handler")));
      |      ^~~~~~~~~~~~~~~~~
libDaisy/core/startup_stm32h750xx.c:1560:39: note: 'USART1_IRQHandler' target declared here
 1560 | void __attribute__((naked, noreturn)) Default_Handler()
      |                                       ^~~~~~~~~~~~~~~
libDaisy/core/startup_stm32h750xx.c:1252:6: warning: 'SPI2_IRQHandler' specifies less restrictive attribute than its target 'Default_Handler': 'noreturn' [-Wmissing-attributes]
 1252 | void SPI2_IRQHandler()                __attribute__ ((weak, alias ("Default_Handler")));
      |      ^~~~~~~~~~~~~~~
libDaisy/core/startup_stm32h750xx.c:1560:39: note: 'SPI2_IRQHandler' target declared here
 1560 | void __attribute__((naked, noreturn)) Default_Handler()
      |                                       ^~~~~~~~~~~~~~~
libDaisy/core/startup_stm32h750xx.c:1251:6: warning: 'SPI1_IRQHandler' specifies less restrictive attribute than its target 'Default_Handler': 'noreturn' [-Wmissing-attributes]
 1251 | void SPI1_IRQHandler()                __attribute__ ((weak, alias ("Default_Handler")));
      |      ^~~~~~~~~~~~~~~
libDaisy/core/startup_stm32h750xx.c:1560:39: note: 'SPI1_IRQHandler' target declared here
 1560 | void __attribute__((naked, noreturn)) Default_Handler()
      |                                       ^~~~~~~~~~~~~~~
libDaisy/core/startup_stm32h750xx.c:1250:6: warning: 'I2C2_ER_IRQHandler' specifies less restrictive attribute than its target 'Default_Handler': 'noreturn' [-Wmissing-attributes]
 1250 | void I2C2_ER_IRQHandler()             __attribute__ ((weak, alias ("Default_Handler")));
      |      ^~~~~~~~~~~~~~~~~~
libDaisy/core/startup_stm32h750xx.c:1560:39: note: 'I2C2_ER_IRQHandler' target declared here
 1560 | void __attribute__((naked, noreturn)) Default_Handler()
      |                                       ^~~~~~~~~~~~~~~
libDaisy/core/startup_stm32h750xx.c:1249:6: warning: 'I2C2_EV_IRQHandler' specifies less restrictive attribute than its target 'Default_Handler': 'noreturn' [-Wmissing-attributes]
 1249 | void I2C2_EV_IRQHandler()             __attribute__ ((weak, alias ("Default_Handler")));
      |      ^~~~~~~~~~~~~~~~~~
libDaisy/core/startup_stm32h750xx.c:1560:39: note: 'I2C2_EV_IRQHandler' target declared here
 1560 | void __attribute__((naked, noreturn)) Default_Handler()
      |                                       ^~~~~~~~~~~~~~~
libDaisy/core/startup_stm32h750xx.c:1248:6: warning: 'I2C1_ER_IRQHandler' specifies less restrictive attribute than its target 'Default_Handler': 'noreturn' [-Wmissing-attributes]
 1248 | void I2C1_ER_IRQHandler()             __attribute__ ((weak, alias ("Default_Handler")));
      |      ^~~~~~~~~~~~~~~~~~
libDaisy/core/startup_stm32h750xx.c:1560:39: note: 'I2C1_ER_IRQHandler' target declared here
 1560 | void __attribute__((naked, noreturn)) Default_Handler()
      |                                       ^~~~~~~~~~~~~~~
libDaisy/core/startup_stm32h750xx.c:1247:6: warning: 'I2C1_EV_IRQHandler' specifies less restrictive attribute than its target 'Default_Handler': 'noreturn' [-Wmissing-attributes]
 1247 | void I2C1_EV_IRQHandler()             __attribute__ ((weak, alias ("Default_Handler")));
      |      ^~~~~~~~~~~~~~~~~~
libDaisy/core/startup_stm32h750xx.c:1560:39: note: 'I2C1_EV_IRQHandler' target declared here
 1560 | void __attribute__((naked, noreturn)) Default_Handler()
      |                                       ^~~~~~~~~~~~~~~
libDaisy/core/startup_stm32h750xx.c:1246:6: warning: 'TIM4_IRQHandler' specifies less restrictive attribute than its target 'Default_Handler': 'noreturn' [-Wmissing-attributes]
 1246 | void TIM4_IRQHandler()                __attribute__ ((weak, alias ("Default_Handler")));
      |      ^~~~~~~~~~~~~~~
libDaisy/core/startup_stm32h750xx.c:1560:39: note: 'TIM4_IRQHandler' target declared here
 1560 | void __attribute__((naked, noreturn)) Default_Handler()
      |                                       ^~~~~~~~~~~~~~~
libDaisy/core/startup_stm32h750xx.c:1245:6: warning: 'TIM3_IRQHandler' specifies less restrictive attribute than its target 'Default_Handler': 'noreturn' [-Wmissing-attributes]
 1245 | void TIM3_IRQHandler()                __attribute__ ((weak, alias ("Default_Handler")));
      |      ^~~~~~~~~~~~~~~
libDaisy/core/startup_stm32h750xx.c:1560:39: note: 'TIM3_IRQHandler' target declared here
 1560 | void __attribute__((naked, noreturn)) Default_Handler()
      |                                       ^~~~~~~~~~~~~~~
libDaisy/core/startup_stm32h750xx.c:1244:6: warning: 'TIM2_IRQHandler' specifies less restrictive attribute than its target 'Default_Handler': 'noreturn' [-Wmissing-attributes]
 1244 | void TIM2_IRQHandler()                __attribute__ ((weak, alias ("Default_Handler")));
      |      ^~~~~~~~~~~~~~~
libDaisy/core/startup_stm32h750xx.c:1560:39: note: 'TIM2_IRQHandler' target declared here
 1560 | void __attribute__((naked, noreturn)) Default_Handler()
      |                                       ^~~~~~~~~~~~~~~
libDaisy/core/startup_stm32h750xx.c:1243:6: warning: 'TIM1_CC_IRQHandler' specifies less restrictive attribute than its target 'Default_Handler': 'noreturn' [-Wmissing-attributes]
 1243 | void TIM1_CC_IRQHandler()             __attribute__ ((weak, alias ("Default_Handler")));
      |      ^~~~~~~~~~~~~~~~~~
libDaisy/core/startup_stm32h750xx.c:1560:39: note: 'TIM1_CC_IRQHandler' target declared here
 1560 | void __attribute__((naked, noreturn)) Default_Handler()
      |                                       ^~~~~~~~~~~~~~~
libDaisy/core/startup_stm32h750xx.c:1242:6: warning: 'TIM1_TRG_COM_IRQHandler' specifies less restrictive attribute than its target 'Default_Handler': 'noreturn' [-Wmissing-attributes]
 1242 | void TIM1_TRG_COM_IRQHandler()        __attribute__ ((weak, alias ("Default_Handler")));
      |      ^~~~~~~~~~~~~~~~~~~~~~~
libDaisy/core/startup_stm32h750xx.c:1560:39: note: 'TIM1_TRG_COM_IRQHandler' target declared here
 1560 | void __attribute__((naked, noreturn)) Default_Handler()
      |                                       ^~~~~~~~~~~~~~~
libDaisy/core/startup_stm32h750xx.c:1241:6: warning: 'TIM1_UP_IRQHandler' specifies less restrictive attribute than its target 'Default_Handler': 'noreturn' [-Wmissing-attributes]
 1241 | void TIM1_UP_IRQHandler()             __attribute__ ((weak, alias ("Default_Handler")));
      |      ^~~~~~~~~~~~~~~~~~
libDaisy/core/startup_stm32h750xx.c:1560:39: note: 'TIM1_UP_IRQHandler' target declared here
 1560 | void __attribute__((naked, noreturn)) Default_Handler()
      |                                       ^~~~~~~~~~~~~~~
libDaisy/core/startup_stm32h750xx.c:1240:6: warning: 'TIM1_BRK_IRQHandler' specifies less restrictive attribute than its target 'Default_Handler': 'noreturn' [-Wmissing-attributes]
 1240 | void TIM1_BRK_IRQHandler()            __attribute__ ((weak, alias ("Default_Handler")));
      |      ^~~~~~~~~~~~~~~~~~~
libDaisy/core/startup_stm32h750xx.c:1560:39: note: 'TIM1_BRK_IRQHandler' target declared here
 1560 | void __attribute__((naked, noreturn)) Default_Handler()
      |                                       ^~~~~~~~~~~~~~~
libDaisy/core/startup_stm32h750xx.c:1239:6: warning: 'EXTI9_5_IRQHandler' specifies less restrictive attribute than its target 'Default_Handler': 'noreturn' [-Wmissing-attributes]
 1239 | void EXTI9_5_IRQHandler()             __attribute__ ((weak, alias ("Default_Handler")));
      |      ^~~~~~~~~~~~~~~~~~
libDaisy/core/startup_stm32h750xx.c:1560:39: note: 'EXTI9_5_IRQHandler' target declared here
 1560 | void __attribute__((naked, noreturn)) Default_Handler()
      |                                       ^~~~~~~~~~~~~~~
libDaisy/core/startup_stm32h750xx.c:1238:6: warning: 'FDCAN2_IT1_IRQHandler' specifies less restrictive attribute than its target 'Default_Handler': 'noreturn' [-Wmissing-attributes]
 1238 | void FDCAN2_IT1_IRQHandler()          __attribute__ ((weak, alias ("Default_Handler")));
      |      ^~~~~~~~~~~~~~~~~~~~~
libDaisy/core/startup_stm32h750xx.c:1560:39: note: 'FDCAN2_IT1_IRQHandler' target declared here
 1560 | void __attribute__((naked, noreturn)) Default_Handler()
      |                                       ^~~~~~~~~~~~~~~
libDaisy/core/startup_stm32h750xx.c:1237:6: warning: 'FDCAN1_IT1_IRQHandler' specifies less restrictive attribute than its target 'Default_Handler': 'noreturn' [-Wmissing-attributes]
 1237 | void FDCAN1_IT1_IRQHandler()          __attribute__ ((weak, alias ("Default_Handler")));
      |      ^~~~~~~~~~~~~~~~~~~~~
libDaisy/core/startup_stm32h750xx.c:1560:39: note: 'FDCAN1_IT1_IRQHandler' target declared here
 1560 | void __attribute__((naked, noreturn)) Default_Handler()
      |                                       ^~~~~~~~~~~~~~~
libDaisy/core/startup_stm32h750xx.c:1236:6: warning: 'FDCAN2_IT0_IRQHandler' specifies less restrictive attribute than its target 'Default_Handler': 'noreturn' [-Wmissing-attributes]
 1236 | void FDCAN2_IT0_IRQHandler()          __attribute__ ((weak, alias ("Default_Handler")));
      |      ^~~~~~~~~~~~~~~~~~~~~
libDaisy/core/startup_stm32h750xx.c:1560:39: note: 'FDCAN2_IT0_IRQHandler' target declared here
 1560 | void __attribute__((naked, noreturn)) Default_Handler()
      |                                       ^~~~~~~~~~~~~~~
libDaisy/core/startup_stm32h750xx.c:1235:6: warning: 'FDCAN1_IT0_IRQHandler' specifies less restrictive attribute than its target 'Default_Handler': 'noreturn' [-Wmissing-attributes]
 1235 | void FDCAN1_IT0_IRQHandler()          __attribute__ ((weak, alias ("Default_Handler")));
      |      ^~~~~~~~~~~~~~~~~~~~~
libDaisy/core/startup_stm32h750xx.c:1560:39: note: 'FDCAN1_IT0_IRQHandler' target declared here
 1560 | void __attribute__((naked, noreturn)) Default_Handler()
      |                                       ^~~~~~~~~~~~~~~
libDaisy/core/startup_stm32h750xx.c:1234:6: warning: 'ADC_IRQHandler' specifies less restrictive attribute than its target 'Default_Handler': 'noreturn' [-Wmissing-attributes]
 1234 | void ADC_IRQHandler()                 __attribute__ ((weak, alias ("Default_Handler")));
      |      ^~~~~~~~~~~~~~
libDaisy/core/startup_stm32h750xx.c:1560:39: note: 'ADC_IRQHandler' target declared here
 1560 | void __attribute__((naked, noreturn)) Default_Handler()
      |                                       ^~~~~~~~~~~~~~~
libDaisy/core/startup_stm32h750xx.c:1233:6: warning: 'DMA1_Stream6_IRQHandler' specifies less restrictive attribute than its target 'Default_Handler': 'noreturn' [-Wmissing-attributes]
 1233 | void DMA1_Stream6_IRQHandler()        __attribute__ ((weak, alias ("Default_Handler")));
      |      ^~~~~~~~~~~~~~~~~~~~~~~
libDaisy/core/startup_stm32h750xx.c:1560:39: note: 'DMA1_Stream6_IRQHandler' target declared here
 1560 | void __attribute__((naked, noreturn)) Default_Handler()
      |                                       ^~~~~~~~~~~~~~~
libDaisy/core/startup_stm32h750xx.c:1232:6: warning: 'DMA1_Stream5_IRQHandler' specifies less restrictive attribute than its target 'Default_Handler': 'noreturn' [-Wmissing-attributes]
 1232 | void DMA1_Stream5_IRQHandler()        __attribute__ ((weak, alias ("Default_Handler")));
      |      ^~~~~~~~~~~~~~~~~~~~~~~
libDaisy/core/startup_stm32h750xx.c:1560:39: note: 'DMA1_Stream5_IRQHandler' target declared here
 1560 | void __attribute__((naked, noreturn)) Default_Handler()
      |                                       ^~~~~~~~~~~~~~~
libDaisy/core/startup_stm32h750xx.c:1231:6: warning: 'DMA1_Stream4_IRQHandler' specifies less restrictive attribute than its target 'Default_Handler': 'noreturn' [-Wmissing-attributes]
 1231 | void DMA1_Stream4_IRQHandler()        __attribute__ ((weak, alias ("Default_Handler")));
      |      ^~~~~~~~~~~~~~~~~~~~~~~
libDaisy/core/startup_stm32h750xx.c:1560:39: note: 'DMA1_Stream4_IRQHandler' target declared here
 1560 | void __attribute__((naked, noreturn)) Default_Handler()
      |                                       ^~~~~~~~~~~~~~~
libDaisy/core/startup_stm32h750xx.c:1230:6: warning: 'DMA1_Stream3_IRQHandler' specifies less restrictive attribute than its target 'Default_Handler': 'noreturn' [-Wmissing-attributes]
 1230 | void DMA1_Stream3_IRQHandler()        __attribute__ ((weak, alias ("Default_Handler")));
      |      ^~~~~~~~~~~~~~~~~~~~~~~
libDaisy/core/startup_stm32h750xx.c:1560:39: note: 'DMA1_Stream3_IRQHandler' target declared here
 1560 | void __attribute__((naked, noreturn)) Default_Handler()
      |                                       ^~~~~~~~~~~~~~~
libDaisy/core/startup_stm32h750xx.c:1229:6: warning: 'DMA1_Stream2_IRQHandler' specifies less restrictive attribute than its target 'Default_Handler': 'noreturn' [-Wmissing-attributes]
 1229 | void DMA1_Stream2_IRQHandler()        __attribute__ ((weak, alias ("Default_Handler")));
      |      ^~~~~~~~~~~~~~~~~~~~~~~
libDaisy/core/startup_stm32h750xx.c:1560:39: note: 'DMA1_Stream2_IRQHandler' target declared here
 1560 | void __attribute__((naked, noreturn)) Default_Handler()
      |                                       ^~~~~~~~~~~~~~~
libDaisy/core/startup_stm32h750xx.c:1228:6: warning: 'DMA1_Stream1_IRQHandler' specifies less restrictive attribute than its target 'Default_Handler': 'noreturn' [-Wmissing-attributes]
 1228 | void DMA1_Stream1_IRQHandler()        __attribute__ ((weak, alias ("Default_Handler")));
      |      ^~~~~~~~~~~~~~~~~~~~~~~
libDaisy/core/startup_stm32h750xx.c:1560:39: note: 'DMA1_Stream1_IRQHandler' target declared here
 1560 | void __attribute__((naked, noreturn)) Default_Handler()
      |                                       ^~~~~~~~~~~~~~~
libDaisy/core/startup_stm32h750xx.c:1227:6: warning: 'DMA1_Stream0_IRQHandler' specifies less restrictive attribute than its target 'Default_Handler': 'noreturn' [-Wmissing-attributes]
 1227 | void DMA1_Stream0_IRQHandler()        __attribute__ ((weak, alias ("Default_Handler")));
      |      ^~~~~~~~~~~~~~~~~~~~~~~
libDaisy/core/startup_stm32h750xx.c:1560:39: note: 'DMA1_Stream0_IRQHandler' target declared here
 1560 | void __attribute__((naked, noreturn)) Default_Handler()
      |                                       ^~~~~~~~~~~~~~~
libDaisy/core/startup_stm32h750xx.c:1226:6: warning: 'EXTI4_IRQHandler' specifies less restrictive attribute than its target 'Default_Handler': 'noreturn' [-Wmissing-attributes]
 1226 | void EXTI4_IRQHandler()               __attribute__ ((weak, alias ("Default_Handler")));
      |      ^~~~~~~~~~~~~~~~
libDaisy/core/startup_stm32h750xx.c:1560:39: note: 'EXTI4_IRQHandler' target declared here
 1560 | void __attribute__((naked, noreturn)) Default_Handler()
      |                                       ^~~~~~~~~~~~~~~
libDaisy/core/startup_stm32h750xx.c:1225:6: warning: 'EXTI3_IRQHandler' specifies less restrictive attribute than its target 'Default_Handler': 'noreturn' [-Wmissing-attributes]
 1225 | void EXTI3_IRQHandler()               __attribute__ ((weak, alias ("Default_Handler")));
      |      ^~~~~~~~~~~~~~~~
libDaisy/core/startup_stm32h750xx.c:1560:39: note: 'EXTI3_IRQHandler' target declared here
 1560 | void __attribute__((naked, noreturn)) Default_Handler()
      |                                       ^~~~~~~~~~~~~~~
libDaisy/core/startup_stm32h750xx.c:1224:6: warning: 'EXTI2_IRQHandler' specifies less restrictive attribute than its target 'Default_Handler': 'noreturn' [-Wmissing-attributes]
 1224 | void EXTI2_IRQHandler()               __attribute__ ((weak, alias ("Default_Handler")));
      |      ^~~~~~~~~~~~~~~~
libDaisy/core/startup_stm32h750xx.c:1560:39: note: 'EXTI2_IRQHandler' target declared here
 1560 | void __attribute__((naked, noreturn)) Default_Handler()
      |                                       ^~~~~~~~~~~~~~~
libDaisy/core/startup_stm32h750xx.c:1223:6: warning: 'EXTI1_IRQHandler' specifies less restrictive attribute than its target 'Default_Handler': 'noreturn' [-Wmissing-attributes]
 1223 | void EXTI1_IRQHandler()               __attribute__ ((weak, alias ("Default_Handler")));
      |      ^~~~~~~~~~~~~~~~
libDaisy/core/startup_stm32h750xx.c:1560:39: note: 'EXTI1_IRQHandler' target declared here
 1560 | void __attribute__((naked, noreturn)) Default_Handler()
      |                                       ^~~~~~~~~~~~~~~
libDaisy/core/startup_stm32h750xx.c:1222:6: warning: 'EXTI0_IRQHandler' specifies less restrictive attribute than its target 'Default_Handler': 'noreturn' [-Wmissing-attributes]
 1222 | void EXTI0_IRQHandler()               __attribute__ ((weak, alias ("Default_Handler")));
      |      ^~~~~~~~~~~~~~~~
libDaisy/core/startup_stm32h750xx.c:1560:39: note: 'EXTI0_IRQHandler' target declared here
 1560 | void __attribute__((naked, noreturn)) Default_Handler()
      |                                       ^~~~~~~~~~~~~~~
libDaisy/core/startup_stm32h750xx.c:1221:6: warning: 'RCC_IRQHandler' specifies less restrictive attribute than its target 'Default_Handler': 'noreturn' [-Wmissing-attributes]
 1221 | void RCC_IRQHandler()                 __attribute__ ((weak, alias ("Default_Handler")));
      |      ^~~~~~~~~~~~~~
libDaisy/core/startup_stm32h750xx.c:1560:39: note: 'RCC_IRQHandler' target declared here
 1560 | void __attribute__((naked, noreturn)) Default_Handler()
      |                                       ^~~~~~~~~~~~~~~
libDaisy/core/startup_stm32h750xx.c:1220:6: warning: 'FLASH_IRQHandler' specifies less restrictive attribute than its target 'Default_Handler': 'noreturn' [-Wmissing-attributes]
 1220 | void FLASH_IRQHandler()               __attribute__ ((weak, alias ("Default_Handler")));
      |      ^~~~~~~~~~~~~~~~
libDaisy/core/startup_stm32h750xx.c:1560:39: note: 'FLASH_IRQHandler' target declared here
 1560 | void __attribute__((naked, noreturn)) Default_Handler()
      |                                       ^~~~~~~~~~~~~~~
libDaisy/core/startup_stm32h750xx.c:1219:6: warning: 'RTC_WKUP_IRQHandler' specifies less restrictive attribute than its target 'Default_Handler': 'noreturn' [-Wmissing-attributes]
 1219 | void RTC_WKUP_IRQHandler()            __attribute__ ((weak, alias ("Default_Handler")));
      |      ^~~~~~~~~~~~~~~~~~~
libDaisy/core/startup_stm32h750xx.c:1560:39: note: 'RTC_WKUP_IRQHandler' target declared here
 1560 | void __attribute__((naked, noreturn)) Default_Handler()
      |                                       ^~~~~~~~~~~~~~~
libDaisy/core/startup_stm32h750xx.c:1218:6: warning: 'TAMP_STAMP_IRQHandler' specifies less restrictive attribute than its target 'Default_Handler': 'noreturn' [-Wmissing-attributes]
 1218 | void TAMP_STAMP_IRQHandler()          __attribute__ ((weak, alias ("Default_Handler")));
      |      ^~~~~~~~~~~~~~~~~~~~~
libDaisy/core/startup_stm32h750xx.c:1560:39: note: 'TAMP_STAMP_IRQHandler' target declared here
 1560 | void __attribute__((naked, noreturn)) Default_Handler()
      |                                       ^~~~~~~~~~~~~~~
libDaisy/core/startup_stm32h750xx.c:1217:6: warning: 'PVD_AVD_IRQHandler' specifies less restrictive attribute than its target 'Default_Handler': 'noreturn' [-Wmissing-attributes]
 1217 | void PVD_AVD_IRQHandler()             __attribute__ ((weak, alias ("Default_Handler")));
      |      ^~~~~~~~~~~~~~~~~~
libDaisy/core/startup_stm32h750xx.c:1560:39: note: 'PVD_AVD_IRQHandler' target declared here
 1560 | void __attribute__((naked, noreturn)) Default_Handler()
      |                                       ^~~~~~~~~~~~~~~
libDaisy/core/startup_stm32h750xx.c:1216:6: warning: 'WWDG_IRQHandler' specifies less restrictive attribute than its target 'Default_Handler': 'noreturn' [-Wmissing-attributes]
 1216 | void WWDG_IRQHandler()                __attribute__ ((weak, alias ("Default_Handler")));
      |      ^~~~~~~~~~~~~~~
libDaisy/core/startup_stm32h750xx.c:1560:39: note: 'WWDG_IRQHandler' target declared here
 1560 | void __attribute__((naked, noreturn)) Default_Handler()
      |                                       ^~~~~~~~~~~~~~~
libDaisy/core/startup_stm32h750xx.c:1215:6: warning: 'SysTick_Handler' specifies less restrictive attribute than its target 'Default_Handler': 'noreturn' [-Wmissing-attributes]
 1215 | void SysTick_Handler()                __attribute__ ((weak, alias ("Default_Handler")));
      |      ^~~~~~~~~~~~~~~
libDaisy/core/startup_stm32h750xx.c:1560:39: note: 'SysTick_Handler' target declared here
 1560 | void __attribute__((naked, noreturn)) Default_Handler()
      |                                       ^~~~~~~~~~~~~~~
libDaisy/core/startup_stm32h750xx.c:1214:6: warning: 'PendSV_Handler' specifies less restrictive attribute than its target 'Default_Handler': 'noreturn' [-Wmissing-attributes]
 1214 | void PendSV_Handler()                 __attribute__ ((weak, alias ("Default_Handler")));
      |      ^~~~~~~~~~~~~~
libDaisy/core/startup_stm32h750xx.c:1560:39: note: 'PendSV_Handler' target declared here
 1560 | void __attribute__((naked, noreturn)) Default_Handler()
      |                                       ^~~~~~~~~~~~~~~
libDaisy/core/startup_stm32h750xx.c:1213:6: warning: 'DebugMon_Handler' specifies less restrictive attribute than its target 'Default_Handler': 'noreturn' [-Wmissing-attributes]
 1213 | void DebugMon_Handler()               __attribute__ ((weak, alias ("Default_Handler")));
      |      ^~~~~~~~~~~~~~~~
libDaisy/core/startup_stm32h750xx.c:1560:39: note: 'DebugMon_Handler' target declared here
 1560 | void __attribute__((naked, noreturn)) Default_Handler()
      |                                       ^~~~~~~~~~~~~~~
libDaisy/core/startup_stm32h750xx.c:1212:6: warning: 'SVC_Handler' specifies less restrictive attribute than its target 'Default_Handler': 'noreturn' [-Wmissing-attributes]
 1212 | void SVC_Handler()                    __attribute__ ((weak, alias ("Default_Handler")));
      |      ^~~~~~~~~~~
libDaisy/core/startup_stm32h750xx.c:1560:39: note: 'SVC_Handler' target declared here
 1560 | void __attribute__((naked, noreturn)) Default_Handler()
      |                                       ^~~~~~~~~~~~~~~
libDaisy/core/startup_stm32h750xx.c:1211:6: warning: 'UsageFault_Handler' specifies less restrictive attribute than its target 'Default_Handler': 'noreturn' [-Wmissing-attributes]
 1211 | void UsageFault_Handler()             __attribute__ ((weak, alias ("Default_Handler")));
      |      ^~~~~~~~~~~~~~~~~~
libDaisy/core/startup_stm32h750xx.c:1560:39: note: 'UsageFault_Handler' target declared here
 1560 | void __attribute__((naked, noreturn)) Default_Handler()
      |                                       ^~~~~~~~~~~~~~~
libDaisy/core/startup_stm32h750xx.c:1210:6: warning: 'BusFault_Handler' specifies less restrictive attribute than its target 'Default_Handler': 'noreturn' [-Wmissing-attributes]
 1210 | void BusFault_Handler()               __attribute__ ((weak, alias ("Default_Handler")));
      |      ^~~~~~~~~~~~~~~~
libDaisy/core/startup_stm32h750xx.c:1560:39: note: 'BusFault_Handler' target declared here
 1560 | void __attribute__((naked, noreturn)) Default_Handler()
      |                                       ^~~~~~~~~~~~~~~
libDaisy/core/startup_stm32h750xx.c:1209:6: warning: 'MemManage_Handler' specifies less restrictive attribute than its target 'Default_Handler': 'noreturn' [-Wmissing-attributes]
 1209 | void MemManage_Handler()              __attribute__ ((weak, alias ("Default_Handler")));
      |      ^~~~~~~~~~~~~~~~~
libDaisy/core/startup_stm32h750xx.c:1560:39: note: 'MemManage_Handler' target declared here
 1560 | void __attribute__((naked, noreturn)) Default_Handler()
      |                                       ^~~~~~~~~~~~~~~
libDaisy/core/startup_stm32h750xx.c:1208:6: warning: 'HardFault_Handler' specifies less restrictive attribute than its target 'Default_Handler': 'noreturn' [-Wmissing-attributes]
 1208 | void HardFault_Handler()              __attribute__ ((weak, alias ("Default_Handler")));
      |      ^~~~~~~~~~~~~~~~~
libDaisy/core/startup_stm32h750xx.c:1560:39: note: 'HardFault_Handler' target declared here
 1560 | void __attribute__((naked, noreturn)) Default_Handler()
      |                                       ^~~~~~~~~~~~~~~
arm-none-eabi-g++  -c -mcpu=cortex-m7 -mthumb -mfpu=fpv5-d16 -mfloat-abi=hard  -DUSE_HAL_DRIVER -DSTM32H750xx -DHSE_VALUE=16000000  -DCORE_CM7 -DSTM32H750IB -DARM_MATH_CM7 -DUSE_FULL_LL_DRIVER -DBOOT_APP -include stm32h7xx.h -IlibDaisy -IlibDaisy/src/ -IlibDaisy/src/sys -IlibDaisy/src/usbd -IlibDaisy/src/usbh -IlibDaisy/Drivers/CMSIS/Include/ -IlibDaisy/Drivers/CMSIS/DSP/Include -IlibDaisy/Drivers/CMSIS/Device/ST/STM32H7xx/Include -IlibDaisy/Drivers/STM32H7xx_HAL_Driver/Inc/ -IlibDaisy/Middlewares/ST/STM32_USB_Device_Library/Core/Inc -IlibDaisy/Middlewares/ST/STM32_USB_Host_Library/Core/Inc -IlibDaisy/Middlewares/ST/STM32_USB_Host_Library/Class/MSC/Inc -IlibDaisy/core/ -IlibDaisy/Middlewares/Third_Party/FatFs/src -Icompat -Irnbo -Irnbo/common -O2 -Wall  -g -ggdb -MMD -MP -MF"build/main.d" -DRNBO_SIMPLEENGINE -DRNBO_USE_FLOAT32 -DDRNBO_NOJSONPRESETS -fexceptions -Wpedantic -Wextra  -DRNBO_SIMPLEENGINE -DRNBO_USE_FLOAT32 -DDRNBO_NOJSONPRESETS -fexceptions -Wpedantic -Wextra  -std=gnu++14 -Wa,-a,-ad,-alms=build/main.lst main.cpp -o build/main.o
In file included from rnbo/src/RNBO_UniversalEvent.h:9,
                 from rnbo/src/RNBO_EventVariant.h:18,
                 from rnbo/src/RNBO_ParameterEventInterface.h:7,
                 from rnbo/src/RNBO_CoreObject.h:11,
                 from rnbo/RNBO.h:19,
                 from main.cpp:1:
rnbo/src/RNBO_HardwareDevice.h: In static member function 'static int RNBO::HardwareDevice::registerHardwareDevice(RNBO::HardwareDevice::HardwareType, const RNBO::String&, RNBO::String)':
rnbo/src/RNBO_HardwareDevice.h:191:55: warning: comparison of unsigned expression in '< 0' is always false [-Wtype-limits]
  191 |    if (UniversalEventSource::getIdForName(deviceName) < 0) {
      |        ~~~~~~~~~~~~~~~~~~~~~~~~~~~~~~~~~~~~~~~~~~~~~~~^~~
In file included from rnbo/src/RNBO_EventVariant.h:18,
                 from rnbo/src/RNBO_ParameterEventInterface.h:7,
                 from rnbo/src/RNBO_CoreObject.h:11,
                 from rnbo/RNBO.h:19,
                 from main.cpp:1:
rnbo/src/RNBO_UniversalEvent.h: In constructor 'RNBO::UniversalEvent::UniversalEvent(RNBO::MillisecondTime, RNBO::String, RNBO::ParameterValue, RNBO::EventTarget*)':
rnbo/src/RNBO_UniversalEvent.h:46:17: warning: comparison of unsigned expression in '>= 0' is always true [-Wtype-limits]
   46 |    if (sourceId >= 0) {
      |        ~~~~~~~~~^~~~
In file included from rnbo/common/RNBO_Types.h:5,
                 from rnbo/RNBO.h:12,
                 from main.cpp:1:
rnbo/src/RNBO_Presets.h: At global scope:
rnbo/common/RNBO_Std.h:44:2: warning: unknown option after '#pragma GCC diagnostic' kind [-Wpragmas]
   44 |  _Pragma("GCC diagnostic ignored \"-Weverything\"")
      |  ^~~~~~~
rnbo/src/RNBO_Presets.h:24:1: note: in expansion of macro 'RNBO_PUSH_DISABLE_WARNINGS'
   24 | RNBO_PUSH_DISABLE_WARNINGS
      | ^~~~~~~~~~~~~~~~~~~~~~~~~~
In file included from libDaisy/src/daisy.h:5,
                 from libDaisy/src/daisy_seed.h:5,
                 from main.cpp:3:
libDaisy/src/daisy_core.h: In member function 'constexpr daisy::Pin::operator dsy_gpio_pin() const':
libDaisy/src/daisy_core.h:296:29: warning: C++ designated initializers only available with '-std=c++2a' or '-std=gnu++2a' [-Wpedantic]
  296 |         return dsy_gpio_pin{.port = static_cast<dsy_gpio_port>(port),
      |                             ^
libDaisy/src/daisy_core.h:297:29: warning: C++ designated initializers only available with '-std=c++2a' or '-std=gnu++2a' [-Wpedantic]
  297 |                             .pin  = pin};
      |                             ^
In file included from libDaisy/src/dev/leddriver.h:8,
                 from libDaisy/src/daisy.h:13,
                 from libDaisy/src/daisy_seed.h:5,
                 from main.cpp:3:
libDaisy/src/per/i2c.h: At global scope:
libDaisy/src/per/i2c.h:216:2: warning: extra ';' [-Wpedantic]
  216 | };
      |  ^
In file included from libDaisy/src/daisy.h:22,
                 from libDaisy/src/daisy_seed.h:5,
                 from main.cpp:3:
libDaisy/src/per/uart.h:231:2: warning: extra ';' [-Wpedantic]
  231 | };
      |  ^
In file included from libDaisy/src/hid/encoder.h:6,
                 from libDaisy/src/daisy.h:24,
                 from libDaisy/src/daisy_seed.h:5,
                 from main.cpp:3:
libDaisy/src/hid/switch.h: In member function 'void daisy::Switch::SetUpdateRate(float)':
libDaisy/src/hid/switch.h:96:37: warning: unused parameter 'update_rate' [-Wunused-parameter]
   96 |     inline void SetUpdateRate(float update_rate) {}
      |                               ~~~~~~^~~~~~~~~~~
In file included from libDaisy/src/daisy.h:24,
                 from libDaisy/src/daisy_seed.h:5,
                 from main.cpp:3:
libDaisy/src/hid/encoder.h: In member function 'void daisy::Encoder::SetUpdateRate(float)':
libDaisy/src/hid/encoder.h:53:37: warning: unused parameter 'update_rate' [-Wunused-parameter]
   53 |     inline void SetUpdateRate(float update_rate) {}
      |                               ~~~~~~^~~~~~~~~~~
In file included from libDaisy/src/daisy.h:31,
                 from libDaisy/src/daisy_seed.h:5,
                 from main.cpp:3:
libDaisy/src/hid/logger.h: In static member function 'static void daisy::Logger<daisy::LOGGER_NONE>::Print(const char*, ...)':
libDaisy/src/hid/logger.h:176:35: warning: unused parameter 'format' [-Wunused-parameter]
  176 |     static void Print(const char* format, ...) {}             /**<  */
      |                       ~~~~~~~~~~~~^~~~~~
libDaisy/src/hid/logger.h: In static member function 'static void daisy::Logger<daisy::LOGGER_NONE>::PrintLine(const char*, ...)':
libDaisy/src/hid/logger.h:177:39: warning: unused parameter 'format' [-Wunused-parameter]
  177 |     static void PrintLine(const char* format, ...) {}         /**<  */
      |                           ~~~~~~~~~~~~^~~~~~
libDaisy/src/hid/logger.h: In static member function 'static void daisy::Logger<daisy::LOGGER_NONE>::StartLog(bool)':
libDaisy/src/hid/logger.h:178:31: warning: unused parameter 'wait_for_pc' [-Wunused-parameter]
  178 |     static void StartLog(bool wait_for_pc = false) {}         /**<  */
      |                          ~~~~~^~~~~~~~~~~~~~~~~~~
libDaisy/src/hid/logger.h: In static member function 'static void daisy::Logger<daisy::LOGGER_NONE>::PrintV(const char*, va_list)':
libDaisy/src/hid/logger.h:179:36: warning: unused parameter 'format' [-Wunused-parameter]
  179 |     static void PrintV(const char* format, va_list va) {}     /**<  */
      |                        ~~~~~~~~~~~~^~~~~~
libDaisy/src/hid/logger.h:179:52: warning: unused parameter 'va' [-Wunused-parameter]
  179 |     static void PrintV(const char* format, va_list va) {}     /**<  */
      |                                            ~~~~~~~~^~
libDaisy/src/hid/logger.h: In static member function 'static void daisy::Logger<daisy::LOGGER_NONE>::PrintLineV(const char*, va_list)':
libDaisy/src/hid/logger.h:180:40: warning: unused parameter 'format' [-Wunused-parameter]
  180 |     static void PrintLineV(const char* format, va_list va) {} /**<  */
      |                            ~~~~~~~~~~~~^~~~~~
libDaisy/src/hid/logger.h:180:56: warning: unused parameter 'va' [-Wunused-parameter]
  180 |     static void PrintLineV(const char* format, va_list va) {} /**<  */
      |                                                ~~~~~~~~^~
In file included from libDaisy/src/daisy.h:35,
                 from libDaisy/src/daisy_seed.h:5,
                 from main.cpp:3:
libDaisy/src/per/spi.h: At global scope:
libDaisy/src/per/spi.h:228:2: warning: extra ';' [-Wpedantic]
  228 | };
      |  ^
In file included from libDaisy/src/daisy.h:51,
                 from libDaisy/src/daisy_seed.h:5,
                 from main.cpp:3:
libDaisy/src/dev/max11300.h:1295:2: warning: extra ';' [-Wpedantic]
 1295 | }; // namespace daisy
      |  ^
main.cpp: In function 'void AudioCallback(daisy::AudioHandle::InputBuffer, daisy::AudioHandle::OutputBuffer, size_t)':
main.cpp:21:53: warning: unused parameter 'size' [-Wunused-parameter]
   21 |                           size_t                    size)
      |                           ~~~~~~~~~~~~~~~~~~~~~~~~~~^~~~
arm-none-eabi-g++  -c -mcpu=cortex-m7 -mthumb -mfpu=fpv5-d16 -mfloat-abi=hard  -DUSE_HAL_DRIVER -DSTM32H750xx -DHSE_VALUE=16000000  -DCORE_CM7 -DSTM32H750IB -DARM_MATH_CM7 -DUSE_FULL_LL_DRIVER -DBOOT_APP -include stm32h7xx.h -IlibDaisy -IlibDaisy/src/ -IlibDaisy/src/sys -IlibDaisy/src/usbd -IlibDaisy/src/usbh -IlibDaisy/Drivers/CMSIS/Include/ -IlibDaisy/Drivers/CMSIS/DSP/Include -IlibDaisy/Drivers/CMSIS/Device/ST/STM32H7xx/Include -IlibDaisy/Drivers/STM32H7xx_HAL_Driver/Inc/ -IlibDaisy/Middlewares/ST/STM32_USB_Device_Library/Core/Inc -IlibDaisy/Middlewares/ST/STM32_USB_Host_Library/Core/Inc -IlibDaisy/Middlewares/ST/STM32_USB_Host_Library/Class/MSC/Inc -IlibDaisy/core/ -IlibDaisy/Middlewares/Third_Party/FatFs/src -Icompat -Irnbo -Irnbo/common -O2 -Wall  -g -ggdb -MMD -MP -MF"build/rnbo_source.d" -DRNBO_SIMPLEENGINE -DRNBO_USE_FLOAT32 -DDRNBO_NOJSONPRESETS -fexceptions -Wpedantic -Wextra  -DRNBO_SIMPLEENGINE -DRNBO_USE_FLOAT32 -DDRNBO_NOJSONPRESETS -fexceptions -Wpedantic -Wextra  -std=gnu++14 -Wa,-a,-ad,-alms=build/rnbo_source.lst rnbo_source.cpp -o build/rnbo_source.o
In file included from rnbo_source.cpp:60:
rnbo/common/RNBO_AudioSignal.h: In function 'float RNBO::bitwiseFloat(long unsigned int)':
rnbo/common/RNBO_AudioSignal.h:92:13: warning: dereferencing type-punned pointer will break strict-aliasing rules [-Wstrict-aliasing]
   92 |   return (*(reinterpret_cast<float*>(&n)));
      |            ~^~~~~~~~~~~~~~~~~~~~~~~~~~~~~
rnbo_source.cpp: In member function 'void RNBO::rnbomatic::paramtilde_01_perform(const SampleValue*, RNBO::SampleValue*, RNBO::Index)':
rnbo_source.cpp:763:15: warning: comparison of integer expressions of different signedness: 'RNBO::Index' {aka 'unsigned int'} and 'int' [-Wsign-compare]
  763 |         if (i >= __paramtilde_01_lastIndex) {
      |             ~~^~~~~~~~~~~~~~~~~~~~~~~~~~~~
rnbo_source.cpp: In member function 'RNBO::number RNBO::rnbomatic::globaltransport_getTempoAtSample(RNBO::SampleIndex)':
rnbo_source.cpp:844:47: warning: comparison of integer expressions of different signedness: 'RNBO::SampleIndex' {aka 'int'} and 'RNBO::Index' {aka 'unsigned int'} [-Wsign-compare]
  844 |     return (sampleOffset >= 0 && sampleOffset < this->vs ? this->globaltransport_tempo[(Index)sampleOffset] : this->globaltransport_lastTempo);
      |                                  ~~~~~~~~~~~~~^~~~~~~~~~
rnbo_source.cpp: In member function 'RNBO::number RNBO::rnbomatic::globaltransport_getStateAtSample(RNBO::SampleIndex)':
rnbo_source.cpp:848:47: warning: comparison of integer expressions of different signedness: 'RNBO::SampleIndex' {aka 'int'} and 'RNBO::Index' {aka 'unsigned int'} [-Wsign-compare]
  848 |     return (sampleOffset >= 0 && sampleOffset < this->vs ? this->globaltransport_state[(Index)sampleOffset] : this->globaltransport_lastState);
      |                                  ~~~~~~~~~~~~~^~~~~~~~~~
In file included from rnbo_source.cpp:60:
rnbo/common/RNBO_AudioSignal.h: At global scope:
rnbo/common/RNBO_AudioSignal.h:191:14: warning: 'void RNBO::xoshiro_reset(RNBO::SampleValue, RNBO::XoshiroState)' defined but not used [-Wunused-function]
  191 |  static void xoshiro_reset(SampleValue seed, XoshiroState state) {
      |              ^~~~~~~~~~~~~
arm-none-eabi-g++  -c -mcpu=cortex-m7 -mthumb -mfpu=fpv5-d16 -mfloat-abi=hard  -DUSE_HAL_DRIVER -DSTM32H750xx -DHSE_VALUE=16000000  -DCORE_CM7 -DSTM32H750IB -DARM_MATH_CM7 -DUSE_FULL_LL_DRIVER -DBOOT_APP -include stm32h7xx.h -IlibDaisy -IlibDaisy/src/ -IlibDaisy/src/sys -IlibDaisy/src/usbd -IlibDaisy/src/usbh -IlibDaisy/Drivers/CMSIS/Include/ -IlibDaisy/Drivers/CMSIS/DSP/Include -IlibDaisy/Drivers/CMSIS/Device/ST/STM32H7xx/Include -IlibDaisy/Drivers/STM32H7xx_HAL_Driver/Inc/ -IlibDaisy/Middlewares/ST/STM32_USB_Device_Library/Core/Inc -IlibDaisy/Middlewares/ST/STM32_USB_Host_Library/Core/Inc -IlibDaisy/Middlewares/ST/STM32_USB_Host_Library/Class/MSC/Inc -IlibDaisy/core/ -IlibDaisy/Middlewares/Third_Party/FatFs/src -Icompat -Irnbo -Irnbo/common -O2 -Wall  -g -ggdb -MMD -MP -MF"build/RNBO.d" -DRNBO_SIMPLEENGINE -DRNBO_USE_FLOAT32 -DDRNBO_NOJSONPRESETS -fexceptions -Wpedantic -Wextra  -DRNBO_SIMPLEENGINE -DRNBO_USE_FLOAT32 -DDRNBO_NOJSONPRESETS -fexceptions -Wpedantic -Wextra  -std=gnu++14 -Wa,-a,-ad,-alms=build/RNBO.lst compat/RNBO.cpp -o build/RNBO.o
In file included from compat/RNBO.cpp:6:
compat/DaisyPlatform.h: In member function 'virtual void RNBO::DaisyPlatform::printMessage(const char*)':
compat/DaisyPlatform.h:19:33: warning: unused parameter 'message' [-Wunused-parameter]
   19 |   void printMessage(const char* message) override
      |                     ~~~~~~~~~~~~^~~~~~~
compat/DaisyPlatform.h: In member function 'virtual void RNBO::DaisyPlatform::error(RNBO::RuntimeError, const char*)':
compat/DaisyPlatform.h:126:27: warning: unused parameter 'e' [-Wunused-parameter]
  126 |   void error(RuntimeError e, const char* msg) override {
      |              ~~~~~~~~~~~~~^
compat/DaisyPlatform.h:126:42: warning: unused parameter 'msg' [-Wunused-parameter]
  126 |   void error(RuntimeError e, const char* msg) override {
      |                              ~~~~~~~~~~~~^~~
compat/DaisyPlatform.h: In member function 'virtual void RNBO::DaisyPlatform::assertTrue(bool, const char*)':
compat/DaisyPlatform.h:130:24: warning: unused parameter 'v' [-Wunused-parameter]
  130 |   void assertTrue(bool v, const char* msg) override {
      |                   ~~~~~^
compat/DaisyPlatform.h:130:39: warning: unused parameter 'msg' [-Wunused-parameter]
  130 |   void assertTrue(bool v, const char* msg) override {
      |                           ~~~~~~~~~~~~^~~
In file included from compat/RNBO.cpp:7:
compat/thread.h: In function 'int __gthread_mutex_timedlock(void*, const void*)':
compat/thread.h:12:37: warning: unused parameter 'm' [-Wunused-parameter]
   12 | int __gthread_mutex_timedlock(void* m, const void* ts) { return 1; }
      |                               ~~~~~~^
compat/thread.h:12:52: warning: unused parameter 'ts' [-Wunused-parameter]
   12 | int __gthread_mutex_timedlock(void* m, const void* ts) { return 1; }
      |                                        ~~~~~~~~~~~~^~
compat/thread.h: In function 'int __gthread_recursive_mutex_timedlock(void*, const void*)':
compat/thread.h:13:47: warning: unused parameter 'm' [-Wunused-parameter]
   13 | int __gthread_recursive_mutex_timedlock(void* m, const void* ts) { return 1; }
      |                                         ~~~~~~^
compat/thread.h:13:62: warning: unused parameter 'ts' [-Wunused-parameter]
   13 | int __gthread_recursive_mutex_timedlock(void* m, const void* ts) { return 1; }
      |                                                  ~~~~~~~~~~~~^~
In file included from rnbo/src/RNBO_UniversalEvent.h:9,
                 from rnbo/src/RNBO_EventVariant.h:18,
                 from rnbo/src/RNBO_ParameterEventInterface.h:7,
                 from rnbo/src/RNBO_CoreObject.h:11,
                 from rnbo/RNBO.h:19,
                 from compat/RNBO.cpp:13:
rnbo/src/RNBO_HardwareDevice.h: In static member function 'static int RNBO::HardwareDevice::registerHardwareDevice(RNBO::HardwareDevice::HardwareType, const RNBO::String&, RNBO::String)':
rnbo/src/RNBO_HardwareDevice.h:191:55: warning: comparison of unsigned expression in '< 0' is always false [-Wtype-limits]
  191 |    if (UniversalEventSource::getIdForName(deviceName) < 0) {
      |        ~~~~~~~~~~~~~~~~~~~~~~~~~~~~~~~~~~~~~~~~~~~~~~~^~~
In file included from rnbo/src/RNBO_EventVariant.h:18,
                 from rnbo/src/RNBO_ParameterEventInterface.h:7,
                 from rnbo/src/RNBO_CoreObject.h:11,
                 from rnbo/RNBO.h:19,
                 from compat/RNBO.cpp:13:
rnbo/src/RNBO_UniversalEvent.h: In constructor 'RNBO::UniversalEvent::UniversalEvent(RNBO::MillisecondTime, RNBO::String, RNBO::ParameterValue, RNBO::EventTarget*)':
rnbo/src/RNBO_UniversalEvent.h:46:17: warning: comparison of unsigned expression in '>= 0' is always true [-Wtype-limits]
   46 |    if (sourceId >= 0) {
      |        ~~~~~~~~~^~~~
In file included from rnbo/common/RNBO_Types.h:5,
                 from rnbo/common/RNBO_PlatformInterface.h:11,
                 from compat/DaisyPlatform.h:3,
                 from compat/RNBO.cpp:6:
rnbo/src/RNBO_Presets.h: At global scope:
rnbo/common/RNBO_Std.h:44:2: warning: unknown option after '#pragma GCC diagnostic' kind [-Wpragmas]
   44 |  _Pragma("GCC diagnostic ignored \"-Weverything\"")
      |  ^~~~~~~
rnbo/src/RNBO_Presets.h:24:1: note: in expansion of macro 'RNBO_PUSH_DISABLE_WARNINGS'
   24 | RNBO_PUSH_DISABLE_WARNINGS
      | ^~~~~~~~~~~~~~~~~~~~~~~~~~
In file included from compat/RNBO.cpp:15:
rnbo/src/RNBO_CoreObject.cpp: In member function 'const char* RNBO::CoreObject::getExternalDataId(RNBO::ExternalDataIndex) const':
rnbo/src/RNBO_CoreObject.cpp:329:65: warning: unused parameter 'index' [-Wunused-parameter]
  329 |  ExternalDataId CoreObject::getExternalDataId(ExternalDataIndex index) const
      |                                               ~~~~~~~~~~~~~~~~~~^~~~~
rnbo/src/RNBO_CoreObject.cpp: In member function 'const RNBO::ExternalDataInfo RNBO::CoreObject::getExternalDataInfo(RNBO::ExternalDataIndex) const':
rnbo/src/RNBO_CoreObject.cpp:338:75: warning: unused parameter 'index' [-Wunused-parameter]
  338 |  const ExternalDataInfo CoreObject::getExternalDataInfo(ExternalDataIndex index) const {
      |                                                         ~~~~~~~~~~~~~~~~~~^~~~~
rnbo/src/RNBO_CoreObject.cpp: In member function 'void RNBO::CoreObject::setExternalData(RNBO::ExternalDataId, char*, size_t, RNBO::DataType, RNBO::ReleaseCallback)':
rnbo/src/RNBO_CoreObject.cpp:350:50: warning: unused parameter 'memoryId' [-Wunused-parameter]
  350 |  void CoreObject::setExternalData(ExternalDataId memoryId, char *data, size_t sizeInBytes, DataType type, ReleaseCallback callback)
      |                                   ~~~~~~~~~~~~~~~^~~~~~~~
rnbo/src/RNBO_CoreObject.cpp:350:66: warning: unused parameter 'data' [-Wunused-parameter]
  350 |  void CoreObject::setExternalData(ExternalDataId memoryId, char *data, size_t sizeInBytes, DataType type, ReleaseCallback callback)
      |                                                            ~~~~~~^~~~
rnbo/src/RNBO_CoreObject.cpp:350:79: warning: unused parameter 'sizeInBytes' [-Wunused-parameter]
  350 |  void CoreObject::setExternalData(ExternalDataId memoryId, char *data, size_t sizeInBytes, DataType type, ReleaseCallback callback)
      |                                                                        ~~~~~~~^~~~~~~~~~~
rnbo/src/RNBO_CoreObject.cpp:350:101: warning: unused parameter 'type' [-Wunused-parameter]
  350 |  void CoreObject::setExternalData(ExternalDataId memoryId, char *data, size_t sizeInBytes, DataType type, ReleaseCallback callback)
      |                                                                                            ~~~~~~~~~^~~~
rnbo/src/RNBO_CoreObject.cpp:350:123: warning: unused parameter 'callback' [-Wunused-parameter]
  350 |  void CoreObject::setExternalData(ExternalDataId memoryId, char *data, size_t sizeInBytes, DataType type, ReleaseCallback callback)
      |                                                                                                           ~~~~~~~~~~~~~~~~^~~~~~~~
rnbo/src/RNBO_CoreObject.cpp: In member function 'void RNBO::CoreObject::setExternalDataHandler(RNBO::ExternalDataHandler*)':
rnbo/src/RNBO_CoreObject.cpp:357:63: warning: unused parameter 'handler' [-Wunused-parameter]
  357 |  void CoreObject::setExternalDataHandler(ExternalDataHandler* handler)
      |                                          ~~~~~~~~~~~~~~~~~~~~~^~~~~~~
rnbo/src/RNBO_CoreObject.cpp: In member function 'void RNBO::CoreObject::releaseExternalData(RNBO::ExternalDataId)':
rnbo/src/RNBO_CoreObject.cpp:364:54: warning: unused parameter 'memoryId' [-Wunused-parameter]
  364 |  void CoreObject::releaseExternalData(ExternalDataId memoryId)
      |                                       ~~~~~~~~~~~~~~~^~~~~~~~
arm-none-eabi-g++  build/startup_stm32h750xx.o build/main.o build/rnbo_source.o build/RNBO.o   -mcpu=cortex-m7 -mthumb -mfpu=fpv5-d16 -mfloat-abi=hard --specs=nano.specs --specs=nosys.specs -TlibDaisy/core/STM32H750IB_sram.lds -LlibDaisy/build -ldaisy -lc -lm -lnosys -Wl,-Map=build/RNBOTest.map,--cref -Wl,--gc-sections -Wl,--print-memory-usage -o build/RNBOTest.elf
Memory region         Used Size  Region Size  %age Used
           FLASH:          0 GB       128 KB      0.00%
         DTCMRAM:       12152 B       128 KB      9.27%
            SRAM:      139188 B       480 KB     28.32%
      RAM_D2_DMA:         16 KB        32 KB     50.00%
          RAM_D2:          0 GB       256 KB      0.00%
          RAM_D3:          0 GB        64 KB      0.00%
         ITCMRAM:          0 GB        64 KB      0.00%
           SDRAM:          0 GB        64 MB      0.00%
       QSPIFLASH:          0 GB      7936 KB      0.00%
arm-none-eabi-objcopy -O ihex build/RNBOTest.elf build/RNBOTest.hex
arm-none-eabi-objcopy -O binary -S build/RNBOTest.elf build/RNBOTest.bin
